Component: ARM Compiler 5.06 update 6 (build 750) Tool: armlink [4d35ed]

==============================================================================

Section Cross References

    main.o(i.main) refers to _scanf_str.o(.text) for _scanf_string
    main.o(i.main) refers to _printf_percent.o(.ARM.Collect$$_printf_percent$$00000000) for _printf_percent
    main.o(i.main) refers to _printf_s.o(.ARM.Collect$$_printf_percent$$00000014) for _printf_s
    main.o(i.main) refers to _printf_str.o(.text) for _printf_str
    main.o(i.main) refers to _printf_c.o(.ARM.Collect$$_printf_percent$$00000013) for _printf_c
    main.o(i.main) refers to noretval__2printf.o(.text) for __2printf
    main.o(i.main) refers to __0scanf.o(.text) for __0scanf
    main.o(.ARM.exidx) refers to main.o(i.main) for i.main
    startup_mdr32f9qx.o(STACK) refers (Special) to heapauxi.o(.text) for __use_two_region_memory
    startup_mdr32f9qx.o(HEAP) refers (Special) to heapauxi.o(.text) for __use_two_region_memory
    startup_mdr32f9qx.o(RESET) refers (Special) to heapauxi.o(.text) for __use_two_region_memory
    startup_mdr32f9qx.o(RESET) refers to startup_mdr32f9qx.o(STACK) for __initial_sp
    startup_mdr32f9qx.o(RESET) refers to startup_mdr32f9qx.o(.text) for Reset_Handler
    startup_mdr32f9qx.o(.text) refers (Special) to heapauxi.o(.text) for __use_two_region_memory
    startup_mdr32f9qx.o(.text) refers to system_mdr32f9qx.o(i.SystemInit) for SystemInit
    startup_mdr32f9qx.o(.text) refers to __main.o(!!!main) for __main
    startup_mdr32f9qx.o(.text) refers to startup_mdr32f9qx.o(HEAP) for Heap_Mem
    startup_mdr32f9qx.o(.text) refers to startup_mdr32f9qx.o(STACK) for Stack_Mem
    system_mdr32f9qx.o(i.SystemCoreClockUpdate) refers to system_mdr32f9qx.o(.data) for SystemCoreClock
    system_mdr32f9qx.o(i.SystemInit) refers to system_mdr32f9qx.o(i.SystemCoreClockUpdate) for SystemCoreClockUpdate
    __2printf.o(.text) refers to _printf_char_file.o(.text) for _printf_char_file
    __2printf.o(.text) refers to stdio_streams.o(.bss) for __stdout
    noretval__2printf.o(.text) refers to _printf_char_file.o(.text) for _printf_char_file
    noretval__2printf.o(.text) refers to stdio_streams.o(.bss) for __stdout
    __printf.o(.text) refers to _printf_percent.o(.ARM.Collect$$_printf_percent$$00000000) for _printf_percent
    _printf_str.o(.text) refers (Special) to _printf_char.o(.text) for _printf_cs_common
    __printf_flags.o(.text) refers to _printf_percent.o(.ARM.Collect$$_printf_percent$$00000000) for _printf_percent
    __printf_flags.o(.text) refers to __printf_flags.o(.constdata) for .constdata
    __printf_ss.o(.text) refers to _printf_percent.o(.ARM.Collect$$_printf_percent$$00000000) for _printf_percent
    __printf_flags_ss.o(.text) refers to _printf_percent.o(.ARM.Collect$$_printf_percent$$00000000) for _printf_percent
    __printf_flags_ss.o(.text) refers to __printf_flags_ss.o(.constdata) for .constdata
    __printf_wp.o(.text) refers to __printf_wp.o(i._is_digit) for _is_digit
    __printf_wp.o(.text) refers to _printf_percent.o(.ARM.Collect$$_printf_percent$$00000000) for _printf_percent
    __printf_flags_wp.o(.text) refers to __printf_wp.o(i._is_digit) for _is_digit
    __printf_flags_wp.o(.text) refers to _printf_percent.o(.ARM.Collect$$_printf_percent$$00000000) for _printf_percent
    __printf_flags_wp.o(.text) refers to __printf_flags_wp.o(.constdata) for .constdata
    __printf_ss_wp.o(.text) refers to __printf_wp.o(i._is_digit) for _is_digit
    __printf_ss_wp.o(.text) refers to _printf_percent.o(.ARM.Collect$$_printf_percent$$00000000) for _printf_percent
    __printf_flags_ss_wp.o(.text) refers to __printf_wp.o(i._is_digit) for _is_digit
    __printf_flags_ss_wp.o(.text) refers to _printf_percent.o(.ARM.Collect$$_printf_percent$$00000000) for _printf_percent
    __printf_flags_ss_wp.o(.text) refers to __printf_flags_ss_wp.o(.constdata) for .constdata
    _printf_c.o(.ARM.Collect$$_printf_percent$$00000013) refers (Weak) to _printf_char.o(.text) for _printf_char
    _printf_s.o(.ARM.Collect$$_printf_percent$$00000014) refers (Weak) to _printf_char.o(.text) for _printf_string
    _printf_percent.o(.ARM.Collect$$_printf_percent$$00000000) refers (Special) to _printf_percent_end.o(.ARM.Collect$$_printf_percent$$00000017) for _printf_percent_end
    __0scanf.o(.text) refers to scanf_char_file.o(.text) for __vfscanf_char_file
    __0scanf.o(.text) refers to stdio_streams.o(.bss) for __stdin
    __main.o(!!!main) refers to __rtentry.o(.ARM.Collect$$rtentry$$00000000) for __rt_entry
    __rtentry.o(.ARM.Collect$$rtentry$$00000000) refers (Special) to __rtentry2.o(.ARM.Collect$$rtentry$$0000000A) for __rt_entry_li
    __rtentry.o(.ARM.Collect$$rtentry$$00000000) refers (Special) to __rtentry2.o(.ARM.Collect$$rtentry$$0000000D) for __rt_entry_main
    __rtentry.o(.ARM.Collect$$rtentry$$00000000) refers (Special) to __rtentry2.o(.ARM.Collect$$rtentry$$0000000C) for __rt_entry_postli_1
[...]
    libinit.o(.ARM.Collect$$libinit$$00000000) refers (Special) to libinit2.o(.ARM.Collect$$libinit$$00000019) for __rt_lib_init_lc_time_1
    libinit.o(.ARM.Collect$$libinit$$00000000) refers (Special) to libinit2.o(.ARM.Collect$$libinit$$00000004) for __rt_lib_init_preinit_1
    libinit.o(.ARM.Collect$$libinit$$00000000) refers (Special) to libinit2.o(.ARM.Collect$$libinit$$0000000E) for __rt_lib_init_rand_1
    libinit.o(.ARM.Collect$$libinit$$00000000) refers (Special) to libinit2.o(.ARM.Collect$$libinit$$00000033) for __rt_lib_init_return
    libinit.o(.ARM.Collect$$libinit$$00000000) refers (Special) to libinit2.o(.ARM.Collect$$libinit$$0000001D) for __rt_lib_init_signal_1
    libinit.o(.ARM.Collect$$libinit$$00000000) refers (Special) to libinit2.o(.ARM.Collect$$libinit$$00000025) for __rt_lib_init_stdio_1
    libinit.o(.ARM.Collect$$libinit$$00000000) refers (Special) to libinit2.o(.ARM.Collect$$libinit$$0000000C) for __rt_lib_init_user_alloc_1
    libinit2.o(.ARM.Collect$$libinit$$00000005) refers (Weak) to init_alloc.o(.text) for _init_alloc
    libinit2.o(.ARM.Collect$$libinit$$0000000F) refers (Weak) to rt_locale_intlibspace.o(.text) for __rt_locale
    libinit2.o(.ARM.Collect$$libinit$$00000010) refers to libinit2.o(.ARM.Collect$$libinit$$0000000F) for .ARM.Collect$$libinit$$0000000F
    libinit2.o(.ARM.Collect$$libinit$$00000012) refers to libinit2.o(.ARM.Collect$$libinit$$0000000F) for .ARM.Collect$$libinit$$0000000F
    libinit2.o(.ARM.Collect$$libinit$$00000012) refers (Weak) to lc_ctype_c.o(locale$$code) for _get_lc_ctype
    libinit2.o(.ARM.Collect$$libinit$$00000014) refers to libinit2.o(.ARM.Collect$$libinit$$0000000F) for .ARM.Collect$$libinit$$0000000F
    libinit2.o(.ARM.Collect$$libinit$$00000016) refers to libinit2.o(.ARM.Collect$$libinit$$0000000F) for .ARM.Collect$$libinit$$0000000F
    libinit2.o(.ARM.Collect$$libinit$$00000018) refers to libinit2.o(.ARM.Collect$$libinit$$0000000F) for .ARM.Collect$$libinit$$0000000F
    libinit2.o(.ARM.Collect$$libinit$$00000024) refers (Weak) to initio.o(.text) for _initio
    libinit2.o(.ARM.Collect$$libinit$$00000026) refers to argv_veneer.o(.emb_text) for __ARM_argv_veneer
    libinit2.o(.ARM.Collect$$libinit$$00000027) refers to argv_veneer.o(.emb_text) for __ARM_argv_veneer
    libshutdown2.o(.ARM.Collect$$libshutdown$$00000003) refers (Weak) to initio.o(.text) for _terminateio
    libshutdown2.o(.ARM.Collect$$libshutdown$$0000000D) refers (Weak) to term_alloc.o(.text) for _terminate_alloc
    filbuf_fwide.o(.text) refers to filbuf.o(.text) for __filbuf
    flsbuf_fwide.o(.text) refers to flsbuf.o(.text) for __flsbuf
    libspace.o(.text) refers to libspace.o(.bss) for __libspace_start
    rtexit.o(.ARM.Collect$$rtexit$$00000000) refers (Special) to rtexit2.o(.ARM.Collect$$rtexit$$00000004) for __rt_exit_exit
    rtexit.o(.ARM.Collect$$rtexit$$00000000) refers (Special) to rtexit2.o(.ARM.Collect$$rtexit$$00000003) for __rt_exit_ls
    rtexit.o(.ARM.Collect$$rtexit$$00000000) refers (Special) to rtexit2.o(.ARM.Collect$$rtexit$$00000002) for __rt_exit_prels_1
    rtexit.o(.ARM.exidx) refers (Special) to rtexit2.o(.ARM.Collect$$rtexit$$00000004) for __rt_exit_exit
    rtexit.o(.ARM.exidx) refers (Special) to rtexit2.o(.ARM.Collect$$rtexit$$00000003) for __rt_exit_ls
    rtexit.o(.ARM.exidx) refers (Special) to rtexit2.o(.ARM.Collect$$rtexit$$00000002) for __rt_exit_prels_1
    rtexit.o(.ARM.exidx) refers to rtexit.o(.ARM.Collect$$rtexit$$00000000) for .ARM.Collect$$rtexit$$00000000
    rt_ctype_table.o(.text) refers to rt_locale_intlibspace.o(.text) for __rt_locale
    rt_ctype_table.o(.text) refers to lc_ctype_c.o(locale$$code) for _get_lc_ctype
    rt_raise.o(.text) refers to __raise.o(.text) for __raise
    rt_raise.o(.text) refers to sys_exit.o(.text) for _sys_exit
    rt_heap_descriptor.o(.text) refers to rt_heap_descriptor.o(.bss) for __rt_heap_descriptor_data
    rt_heap_descriptor_intlibspace.o(.text) refers to libspace.o(.bss) for __libspace_start
    init_alloc.o(.text) refers (Special) to hguard.o(.text) for __heap$guard
    init_alloc.o(.text) refers (Special) to libinit2.o(.ARM.Collect$$libinit$$00000005) for __rt_lib_init_heap_2
    init_alloc.o(.text) refers (Special) to maybetermalloc1.o(.emb_text) for _maybe_terminate_alloc
    init_alloc.o(.text) refers to h1_extend.o(.text) for __Heap_ProvideMemory
    init_alloc.o(.text) refers to defsig_rtmem_outer.o(.text) for __rt_SIGRTMEM
    init_alloc.o(.text) refers to rt_heap_descriptor_intlibspace.o(.text) for __rt_heap_descriptor
    init_alloc.o(.text) refers to h1_init.o(.text) for __Heap_Initialize
    malloc.o(.text) refers (Special) to hguard.o(.text) for __heap$guard
    malloc.o(.text) refers (Special) to init_alloc.o(.text) for _init_alloc
    malloc.o(.text) refers to rt_heap_descriptor_intlibspace.o(.text) for __rt_heap_descriptor
    malloc.o(.text) refers to heapstubs.o(.text) for __Heap_Alloc
    h1_alloc.o(.text) refers (Special) to h1_init.o(.text) for __Heap_Initialize
    h1_alloc.o(.text) refers to rt_heap_descriptor_intlibspace.o(.text) for __rt_heap_descriptor
    h1_alloc.o(.text) refers to init_alloc.o(.text) for __Heap_Full
    h1_alloc_mt.o(.text) refers (Special) to h1_init.o(.text) for __Heap_Initialize
    h1_alloc_mt.o(.text) refers to init_alloc.o(.text) for __Heap_Full
    h1_alloc_mt.o(.text) refers to rt_heap_descriptor_intlibspace.o(.text) for __rt_heap_descriptor
    _printf_char_file_locked.o(.text) refers to _printf_char_common.o(.text) for _printf_char_common
    _printf_char_file_locked.o(.text) refers to fputc.o(i._fputc$unlocked) for _fputc$unlocked
    scanf_char_file_locked.o(.text) refers to scanf_char.o(.text) for __vfscanf_char
    scanf_char_file_locked.o(.text) refers to fgetc.o(i._fgetc$unlocked) for _fgetc$unlocked
    scanf_char_file_locked.o(.text) refers to backspace.o(.text) for ___backspace$unlocked
    fseek.o(.text) refers to sys_io.o(.text) for _sys_istty
    fseek.o(.text) refers to ftell.o(.text) for _ftell_internal
    fseek.o(.text) refers to stdio.o(.text) for _seterr
    stdio.o(.text) refers to sys_io.o(.text) for _sys_seek
    freadfast.o(.text) refers to filbuf.o(.text) for _readbuf
    freadfast.o(.text) refers to rt_memcpy_v6.o(.text) for __aeabi_memcpy
    fread_bytes_avail.o(.text) refers to filbuf.o(.text) for __filbuf_byte
    fread_bytes_avail.o(.text) refers to rt_memcpy_v6.o(.text) for __aeabi_memcpy
    fwritefast.o(.text) refers to stdio.o(.text) for _writebuf
    fwritefast.o(.text) refers to flsbuf.o(.text) for __flsbuf_byte
    fwritefast.o(.text) refers to rt_memcpy_v6.o(.text) for __aeabi_memcpy
    flushlinebuffered.o(.text) refers to fflush.o(.text) for _do_fflush
    flushlinebuffered.o(.text) refers to stdio_streams.o(.bss) for __stdin
    freadfast_locked.o(.text) refers to filbuf.o(.text) for _readbuf
    freadfast_locked.o(.text) refers to rt_memcpy_v6.o(.text) for __aeabi_memcpy
    fread_bytes_avail_locked.o(.text) refers to filbuf.o(.text) for __filbuf_byte
    fread_bytes_avail_locked.o(.text) refers to rt_memcpy_v6.o(.text) for __aeabi_memcpy
    fwritefast_locked.o(.text) refers to stdio.o(.text) for _writebuf
    fwritefast_locked.o(.text) refers to flsbuf.o(.text) for __flsbuf_byte
    fwritefast_locked.o(.text) refers to rt_memcpy_v6.o(.text) for __aeabi_memcpy
    flushlinebuffered_locked.o(.text) refers to fflush.o(.text) for _do_fflush
    flushlinebuffered_locked.o(.text) refers to streamlock.o(.data) for _stream_list_lock
    flushlinebuffered_locked.o(.text) refers to stdio_streams.o(.bss) for __stdin
    defsig_exit.o(.text) refers to sys_exit.o(.text) for _sys_exit
    defsig_rtred_inner.o(.text) refers to defsig_general.o(.text) for __default_signal_display
    assert_stdio.o(.text) refers to fputs.o(.text) for fputs
    assert_stdio.o(.text) refers to fflush.o(.text) for fflush
    assert_stdio.o(.text) refers to stdio_streams.o(.bss) for __stderr
    argv_veneer.o(.emb_text) refers to no_argv.o(.text) for __ARM_get_argv
    sys_exit.o(.text) refers (Special) to use_no_semi.o(.text) for __I$use$semihosting
    sys_exit.o(.text) refers (Special) to indicate_semi.o(.text) for __semihosting_library_function
    rtexit2.o(.ARM.Collect$$rtexit$$00000003) refers to libshutdown.o(.ARM.Collect$$libshutdown$$00000000) for __rt_lib_shutdown
    rtexit2.o(.ARM.Collect$$rtexit$$00000004) refers to sys_exit.o(.text) for _sys_exit
    rtexit2.o(.ARM.exidx) refers to rtexit2.o(.ARM.Collect$$rtexit$$00000001) for .ARM.Collect$$rtexit$$00000001
    rtexit2.o(.ARM.exidx) refers to rtexit2.o(.ARM.Collect$$rtexit$$00000003) for .ARM.Collect$$rtexit$$00000003
    rtexit2.o(.ARM.exidx) refers to rtexit2.o(.ARM.Collect$$rtexit$$00000004) for .ARM.Collect$$rtexit$$00000004
    rt_locale.o(.text) refers to rt_locale.o(.bss) for __rt_locale_data
    rt_locale_intlibspace.o(.text) refers to libspace.o(.bss) for __libspace_start
    maybetermalloc2.o(.emb_text) refers (Special) to term_alloc.o(.text) for _terminate_alloc
    h1_extend.o(.text) refers to h1_free.o(.text) for free
    h1_init_mt.o(.text) refers to mutex_dummy.o(.text) for _mutex_initialize
    h1_extend_mt.o(.text) refers to h1_free_mt.o(.text) for _free_internal
    fflush.o(.text) refers to stdio.o(.text) for _fflush
    fflush.o(.text) refers to fseek.o(.text) for _fseek
    fflush.o(.text) refers to stdio_streams.o(.bss) for __stdin
    fputs.o(.text) refers to fputc.o(i.fputc) for fputc
    ftell.o(.text) refers to rt_errno_addr_intlibspace.o(.text) for __aeabi_errno_addr
    fflush_locked.o(.text) refers to stdio.o(.text) for _fflush
    fflush_locked.o(.text) refers to fseek.o(.text) for _fseek
    fflush_locked.o(.text) refers to fflush.o(.text) for _do_fflush
    fflush_locked.o(.text) refers to streamlock.o(.data) for _stream_list_lock
    fflush_locked.o(.text) refers to stdio_streams.o(.bss) for __stdin
    lc_ctype_c.o(locale$$data) refers (Special) to libinit2.o(.ARM.Collect$$libinit$$00000012) for __rt_lib_init_lc_ctype_2
    lc_ctype_c.o(locale$$code) refers (Special) to libinit2.o(.ARM.Collect$$libinit$$00000012) for __rt_lib_init_lc_ctype_2
    lc_ctype_c.o(locale$$code) refers to strcmpv7m.o(.text) for strcmp
    lc_ctype_c.o(locale$$code) refers to lc_ctype_c.o(locale$$data) for __lcctype_c_name
    __raise.o(.text) refers to defsig.o(CL$$defsig) for __default_signal_handler
    defsig_general.o(.text) refers to sys_wrch.o(.text) for _ttywrch
    defsig_rtmem_outer.o(.text) refers to defsig_rtmem_inner.o(.text) for __rt_SIGRTMEM_inner
    defsig_rtmem_outer.o(.text) refers to defsig_exit.o(.text) for __sig_exit
    defsig_rtmem_formal.o(.text) refers to rt_raise.o(.text) for __rt_raise
    rt_memcpy_v6.o(.text) refers to rt_memcpy_w.o(.text) for __aeabi_memcpy4
    heapauxa.o(.text) refers to heapauxa.o(.data) for .data
    _get_argv.o(.text) refers (Special) to hrguard.o(.text) for __heap_region$guard
    _get_argv.o(.text) refers to h1_alloc.o(.text) for malloc
    _get_argv.o(.text) refers to defsig_rtmem_outer.o(.text) for __rt_SIGRTMEM
    _get_argv.o(.text) refers to sys_command.o(.text) for _sys_command_string
    _get_argv_nomalloc.o(.text) refers (Special) to hrguard.o(.text) for __heap_region$guard
    _get_argv_nomalloc.o(.text) refers to defsig_rtmem_outer.o(.text) for __rt_SIGRTMEM
    _get_argv_nomalloc.o(.text) refers to sys_command.o(.text) for _sys_command_string
    sys_wrch.o(.text) refers (Special) to use_no_semi.o(.text) for __I$use$semihosting
    sys_wrch.o(.text) refers (Special) to indicate_semi.o(.text) for __semihosting_library_function
    sys_command.o(.text) refers (Special) to use_no_semi.o(.text) for __I$use$semihosting
    sys_command.o(.text) refers (Special) to indicate_semi.o(.text) for __semihosting_library_function
    rt_errno_addr.o(.text) refers to rt_errno_addr.o(.bss) for __aeabi_errno_addr_data
    rt_errno_addr_intlibspace.o(.text) refers to libspace.o(.bss) for __libspace_start
    term_alloc.o(.text) refers (Special) to libshutdown2.o(.ARM.Collect$$libshutdown$$0000000E) for __rt_lib_shutdown_heap_2
    term_alloc.o(.text) refers to rt_heap_descriptor_intlibspace.o(.text) for __rt_heap_descriptor
    term_alloc.o(.text) refers to h1_final.o(.text) for __Heap_Finalize
    defsig_rtmem_inner.o(.text) refers to defsig_general.o(.text) for __default_signal_display
    defsig.o(CL$$defsig) refers to defsig_rtred_inner.o(.text) for __rt_SIGRTRED_inner
    defsig.o(CL$$defsig) refers to defsig_rtmem_inner.o(.text) for __rt_SIGRTMEM_inner
    libshutdown.o(.ARM.Collect$$libshutdown$$00000000) refers (Special) to libshutdown2.o(.ARM.Collect$$libshutdown$$00000002) for __rt_lib_shutdown_cpp_1
    libshutdown.o(.ARM.Collect$$libshutdown$$00000000) refers (Special) to libshutdown2.o(.ARM.Collect$$libshutdown$$00000007) for __rt_lib_shutdown_fp_trap_1
    libshutdown.o(.ARM.Collect$$libshutdown$$00000000) refers (Special) to libshutdown2.o(.ARM.Collect$$libshutdown$$0000000F) for __rt_lib_shutdown_heap_1
    libshutdown.o(.ARM.Collect$$libshutdown$$00000000) refers (Special) to libshutdown2.o(.ARM.Collect$$libshutdown$$00000010) for __rt_lib_shutdown_return
    libshutdown.o(.ARM.Collect$$libshutdown$$00000000) refers (Special) to libshutdown2.o(.ARM.Collect$$libshutdown$$0000000A) for __rt_lib_shutdown_signal_1
    libshutdown.o(.ARM.Collect$$libshutdown$$00000000) refers (Special) to libshutdown2.o(.ARM.Collect$$libshutdown$$00000004) for __rt_lib_shutdown_stdio_1
    libshutdown.o(.ARM.Collect$$libshutdown$$00000000) refers (Special) to libshutdown2.o(.ARM.Collect$$libshutdown$$0000000C) for __rt_lib_shutdown_user_alloc_1
    defsig_abrt_inner.o(.text) refers to defsig_general.o(.text) for __default_signal_display
    defsig_fpe_inner.o(.text) refers to defsig_general.o(.text) for __default_signal_display
    defsig_stak_inner.o(.text) refers to defsig_general.o(.text) for __default_signal_display
    defsig_pvfn_inner.o(.text) refers to defsig_general.o(.text) for __default_signal_display
    defsig_cppl_inner.o(.text) refers to defsig_general.o(.text) for __default_signal_display
    defsig_segv_inner.o(.text) refers to defsig_general.o(.text) for __default_signal_display
    defsig_other.o(.text) refers to defsig_general.o(.text) for __default_signal_display


==============================================================================

Removing Unused input sections from the image.

    Removing main.o(.ARM.exidx), (8 bytes).
    Removing system_mdr32f9qx.o(.rev16_text), (4 bytes).
    Removing system_mdr32f9qx.o(.revsh_text), (4 bytes).

3 unused section(s) (total 16 bytes) removed from the image.

==============================================================================

Image Symbol Table

    Local Symbols

    Symbol Name                              Value     Ov Type        Size  Object(Section)

    ../clib/angel/boardlib.s                 0x00000000   Number         0  boardshut.o ABSOLUTE
    ../clib/angel/boardlib.s                 0x00000000   Number         0  boardinit2.o ABSOLUTE
    ../clib/angel/boardlib.s                 0x00000000   Number         0  boardinit3.o ABSOLUTE
    ../clib/angel/boardlib.s                 0x00000000   Number         0  boardinit1.o ABSOLUTE
    ../clib/angel/handlers.s                 0x00000000   Number         0  __scatter_zi.o ABSOLUTE
    ../clib/angel/kernel.s                   0x00000000   Number         0  __rtentry.o ABSOLUTE
    ../clib/angel/kernel.s                   0x00000000   Number         0  __rtentry4.o ABSOLUTE
    ../clib/angel/kernel.s                   0x00000000   Number         0  rtexit.o ABSOLUTE
    ../clib/angel/kernel.s                   0x00000000   Number         0  __rtentry2.o ABSOLUTE
    ../clib/angel/kernel.s                   0x00000000   Number         0  rtexit2.o ABSOLUTE
    ../clib/angel/rt.s                       0x00000000   Number         0  rt_locale.o ABSOLUTE
    ../clib/angel/rt.s                       0x00000000   Number         0  rt_ctype_table.o ABSOLUTE
    ../clib/angel/rt.s                       0x00000000   Number         0  rt_locale_intlibspace.o ABSOLUTE
    ../clib/angel/rt.s                       0x00000000   Number         0  rt_errno_addr_intlibspace.o ABSOLUTE
    ../clib/angel/rt.s                       0x00000000   Number         0  rt_heap_descriptor_intlibspace.o ABSOLUTE
    ../clib/angel/rt.s                       0x00000000   Number         0  rt_raise.o ABSOLUTE
    ../clib/angel/rt.s                       0x00000000   Number         0  rt_errno_addr.o ABSOLUTE
    ../clib/angel/rt.s                       0x00000000   Number         0  rt_heap_descriptor.o ABSOLUTE
    ../clib/angel/scatter.s                  0x00000000   Number         0  __scatter.o ABSOLUTE
    ../clib/angel/startup.s                  0x00000000   Number         0  __main.o ABSOLUTE
    ../clib/angel/sys.s                      0x00000000   Number         0  sys_stackheap_outer.o ABSOLUTE
    ../clib/angel/sys.s                      0x00000000   Number         0  mutex_dummy.o ABSOLUTE
    ../clib/angel/sys.s                      0x00000000   Number         0  libspace.o ABSOLUTE
    ../clib/angel/sys.s                      0x00000000   Number         0  use_no_semi.o ABSOLUTE
    ../clib/angel/sys.s                      0x00000000   Number         0  indicate_semi.o ABSOLUTE
    ../clib/angel/sysapp.c                   0x00000000   Number         0  sys_exit.o ABSOLUTE
    ../clib/angel/sysapp.c                   0x00000000   Number         0  sys_command.o ABSOLUTE
    ../clib/angel/sysapp.c                   0x00000000   Number         0  sys_wrch.o ABSOLUTE
    ../clib/angel/sysapp.c                   0x00000000   Number         0  sys_io.o ABSOLUTE
    ../clib/armsys.c                         0x00000000   Number         0  argv_veneer.o ABSOLUTE
    ../clib/armsys.c                         0x00000000   Number         0  argv_veneer.o ABSOLUTE
    ../clib/armsys.c                         0x00000000   Number         0  _get_argv.o ABSOLUTE
    ../clib/armsys.c                         0x00000000   Number         0  _get_argv_nomalloc.o ABSOLUTE
    ../clib/armsys.c                         0x00000000   Number         0  no_argv.o ABSOLUTE
    ../clib/assert.c                         0x00000000   Number         0  assert_stdio.o ABSOLUTE
    ../clib/ctype.c                          0x00000000   Number         0  isspace.o ABSOLUTE
    ../clib/heap1.c                          0x00000000   Number         0  h1_final_mt.o ABSOLUTE
    ../clib/heap1.c                          0x00000000   Number         0  h1_final.o ABSOLUTE
    ../clib/heap1.c                          0x00000000   Number         0  h1_extend_mt.o ABSOLUTE
    ../clib/heap1.c                          0x00000000   Number         0  h1_free_mt.o ABSOLUTE
    ../clib/heap1.c                          0x00000000   Number         0  h1_free.o ABSOLUTE
    ../clib/heap1.c                          0x00000000   Number         0  h1_extend.o ABSOLUTE
    ../clib/heap1.c                          0x00000000   Number         0  h1_init.o ABSOLUTE
    ../clib/heap1.c                          0x00000000   Number         0  h1_alloc.o ABSOLUTE
    ../clib/heap1.c                          0x00000000   Number         0  h1_alloc_mt.o ABSOLUTE
    ../clib/heap1.c                          0x00000000   Number         0  h1_init_mt.o ABSOLUTE
    ../clib/heap2.c                          0x00000000   Number         0  heap2.o ABSOLUTE
    ../clib/heap2.c                          0x00000000   Number         0  fdtree.o ABSOLUTE
    ../clib/heap2.c                          0x00000000   Number         0  heap2mt.o ABSOLUTE
    ../clib/heapalloc.c                      0x00000000   Number         0  maybetermalloc2.o ABSOLUTE
    ../clib/heapalloc.c                      0x00000000   Number         0  init_alloc.o ABSOLUTE
    ../clib/heapalloc.c                      0x00000000   Number         0  maybetermalloc1.o ABSOLUTE
    ../clib/heapalloc.c                      0x00000000   Number         0  hguard.o ABSOLUTE
    ../clib/heapalloc.c                      0x00000000   Number         0  hrguard.o ABSOLUTE
    ../clib/heapalloc.c                      0x00000000   Number         0  maybetermalloc1.o ABSOLUTE
    ../clib/heapalloc.c                      0x00000000   Number         0  term_alloc.o ABSOLUTE
    ../clib/heapalloc.c                      0x00000000   Number         0  maybetermalloc2.o ABSOLUTE
    ../clib/heapalloc.c                      0x00000000   Number         0  heapstubs.o ABSOLUTE
    ../clib/heapalloc.c                      0x00000000   Number         0  malloc.o ABSOLUTE
    ../clib/heapalloc.c                      0x00000000   Number         0  free.o ABSOLUTE
    ../clib/heapaux.c                        0x00000000   Number         0  heapauxi.o ABSOLUTE
    ../clib/heapaux.c                        0x00000000   Number         0  heapauxa.o ABSOLUTE
    ../clib/libinit.s                        0x00000000   Number         0  libinit2.o ABSOLUTE
    ../clib/libinit.s                        0x00000000   Number         0  libinit.o ABSOLUTE
    ../clib/libinit.s                        0x00000000   Number         0  libshutdown2.o ABSOLUTE
    ../clib/libinit.s                        0x00000000   Number         0  libshutdown.o ABSOLUTE
    ../clib/locale.s                         0x00000000   Number         0  lc_ctype_c.o ABSOLUTE
    ../clib/memcpset.s                       0x00000000   Number         0  strcmpv7m.o ABSOLUTE
    ../clib/memcpset.s                       0x00000000   Number         0  rt_memclr_w.o ABSOLUTE
    ../clib/memcpset.s                       0x00000000   Number         0  rt_memcpy_w.o ABSOLUTE
    ../clib/memcpset.s                       0x00000000   Number         0  rt_memcpy_v6.o ABSOLUTE
    ../clib/printf.c                         0x00000000   Number         0  noretval__2printf.o ABSOLUTE
    ../clib/printf.c                         0x00000000   Number         0  _printf_char_common.o ABSOLUTE
    ../clib/printf.c                         0x00000000   Number         0  __printf_nopercent.o ABSOLUTE
    ../clib/printf.c                         0x00000000   Number         0  _printf_char.o ABSOLUTE
    ../clib/printf.c                         0x00000000   Number         0  _printf_char_file_locked.o ABSOLUTE
    ../clib/printf.c                         0x00000000   Number         0  __2printf.o ABSOLUTE
    ../clib/printf.c                         0x00000000   Number         0  _printf_char_file.o ABSOLUTE
    ../clib/printf.c                         0x00000000   Number         0  __printf.o ABSOLUTE
    ../clib/printf.c                         0x00000000   Number         0  _printf_str.o ABSOLUTE
    ../clib/printf.c                         0x00000000   Number         0  __printf_flags.o ABSOLUTE
    ../clib/printf.c                         0x00000000   Number         0  __printf_ss.o ABSOLUTE
    ../clib/printf.c                         0x00000000   Number         0  __printf_flags_ss.o ABSOLUTE
    ../clib/printf.c                         0x00000000   Number         0  __printf_wp.o ABSOLUTE
    ../clib/printf.c                         0x00000000   Number         0  __printf_flags_wp.o ABSOLUTE
    ../clib/printf.c                         0x00000000   Number         0  __printf_ss_wp.o ABSOLUTE
    ../clib/printf.c                         0x00000000   Number         0  __printf_flags_ss_wp.o ABSOLUTE
    ../clib/printf_percent.s                 0x00000000   Number         0  _printf_percent_end.o ABSOLUTE
    ../clib/printf_percent.s                 0x00000000   Number         0  _printf_s.o ABSOLUTE
    ../clib/printf_percent.s                 0x00000000   Number         0  _printf_percent.o ABSOLUTE
    ../clib/printf_percent.s                 0x00000000   Number         0  _printf_c.o ABSOLUTE
    ../clib/scanf.c                          0x00000000   Number         0  scanf_char_file_locked.o ABSOLUTE
    ../clib/scanf.c                          0x00000000   Number         0  __0scanf.o ABSOLUTE
    ../clib/scanf.c                          0x00000000   Number         0  _scanf_str.o ABSOLUTE
    ../clib/scanf.c                          0x00000000   Number         0  scanf_char.o ABSOLUTE
    ../clib/scanf.c                          0x00000000   Number         0  _scanf.o ABSOLUTE
    ../clib/scanf.c                          0x00000000   Number         0  scanf_char_file.o ABSOLUTE
    ../clib/signal.c                         0x00000000   Number         0  __raise.o ABSOLUTE
    ../clib/signal.c                         0x00000000   Number         0  defsig_exit.o ABSOLUTE
    ../clib/signal.c                         0x00000000   Number         0  defsig_rtred_outer.o ABSOLUTE
    ../clib/signal.c                         0x00000000   Number         0  defsig_rtmem_outer.o ABSOLUTE
    ../clib/signal.c                         0x00000000   Number         0  defsig_other.o ABSOLUTE
    ../clib/signal.c                         0x00000000   Number         0  defsig_rtred_formal.o ABSOLUTE
    ../clib/signal.c                         0x00000000   Number         0  defsig_segv_inner.o ABSOLUTE
    ../clib/signal.c                         0x00000000   Number         0  defsig_cppl_inner.o ABSOLUTE
    ../clib/signal.c                         0x00000000   Number         0  defsig_rtred_inner.o ABSOLUTE
    ../clib/signal.c                         0x00000000   Number         0  defsig_pvfn_inner.o ABSOLUTE
    ../clib/signal.c                         0x00000000   Number         0  defsig_rtmem_formal.o ABSOLUTE
    ../clib/signal.c                         0x00000000   Number         0  defsig_stak_inner.o ABSOLUTE
    ../clib/signal.c                         0x00000000   Number         0  defsig_general.o ABSOLUTE
    ../clib/signal.c                         0x00000000   Number         0  defsig_fpe_inner.o ABSOLUTE
    ../clib/signal.c                         0x00000000   Number         0  defsig_abrt_inner.o ABSOLUTE
    ../clib/signal.c                         0x00000000   Number         0  defsig_rtmem_inner.o ABSOLUTE
    ../clib/signal.s                         0x00000000   Number         0  defsig.o ABSOLUTE
    ../clib/stdio.c                          0x00000000   Number         0  fflush_locked.o ABSOLUTE
    ../clib/stdio.c                          0x00000000   Number         0  fputs_locked.o ABSOLUTE
    ../clib/stdio.c                          0x00000000   Number         0  ftell.o ABSOLUTE
    ../clib/stdio.c                          0x00000000   Number         0  fputs.o ABSOLUTE
    ../clib/stdio.c                          0x00000000   Number         0  fflush.o ABSOLUTE
    ../clib/stdio.c                          0x00000000   Number         0  backspace_locked.o ABSOLUTE
    ../clib/stdio.c                          0x00000000   Number         0  fputc_locked.o ABSOLUTE
    ../clib/stdio.c                          0x00000000   Number         0  fgetc_locked.o ABSOLUTE
    ../clib/stdio.c                          0x00000000   Number         0  fputc.o ABSOLUTE
    ../clib/stdio.c                          0x00000000   Number         0  fseek.o ABSOLUTE
    ../clib/stdio.c                          0x00000000   Number         0  fgetc.o ABSOLUTE
    ../clib/stdio.c                          0x00000000   Number         0  stdio.o ABSOLUTE
    ../clib/stdio.c                          0x00000000   Number         0  fclose.o ABSOLUTE
    ../clib/stdio.c                          0x00000000   Number         0  freadfast_locked.o ABSOLUTE
    ../clib/stdio.c                          0x00000000   Number         0  setvbuf_locked.o ABSOLUTE
    ../clib/stdio.c                          0x00000000   Number         0  fopen_locked.o ABSOLUTE
    ../clib/stdio.c                          0x00000000   Number         0  fopen.o ABSOLUTE
    ../clib/stdio.c                          0x00000000   Number         0  streamlock.o ABSOLUTE
    ../clib/stdio.c                          0x00000000   Number         0  fwritefast.o ABSOLUTE
    ../clib/stdio.c                          0x00000000   Number         0  fread_bytes_avail_locked.o ABSOLUTE
    ../clib/stdio.c                          0x00000000   Number         0  fwritefast_locked.o ABSOLUTE
    ../clib/stdio.c                          0x00000000   Number         0  ungetc.o ABSOLUTE
    ../clib/stdio.c                          0x00000000   Number         0  fread_bytes_avail.o ABSOLUTE
    ../clib/stdio.c                          0x00000000   Number         0  setvbuf.o ABSOLUTE
    ../clib/stdio.c                          0x00000000   Number         0  backspace.o ABSOLUTE
    ../clib/stdio.c                          0x00000000   Number         0  flsbuf.o ABSOLUTE
    ../clib/stdio.c                          0x00000000   Number         0  flushlinebuffered_locked.o ABSOLUTE
    ../clib/stdio.c                          0x00000000   Number         0  freadfast.o ABSOLUTE
    ../clib/stdio.c                          0x00000000   Number         0  filbuf.o ABSOLUTE
    ../clib/stdio.c                          0x00000000   Number         0  initio.o ABSOLUTE
    ../clib/stdio.c                          0x00000000   Number         0  ferror_locked.o ABSOLUTE
    ../clib/stdio.c                          0x00000000   Number         0  stdio_streams.o ABSOLUTE
    ../clib/stdio.c                          0x00000000   Number         0  ferror.o ABSOLUTE
    ../clib/stdio.c                          0x00000000   Number         0  flushlinebuffered.o ABSOLUTE
    ../clib/stdio.c                          0x00000000   Number         0  initio_locked.o ABSOLUTE
    ../clib/stdlib.c                         0x00000000   Number         0  exit.o ABSOLUTE
    ../clib/string.c                         0x00000000   Number         0  strlen.o ABSOLUTE
    ../clib/wchar.c                          0x00000000   Number         0  filbuf_fwide.o ABSOLUTE
    ../clib/wchar.c                          0x00000000   Number         0  flsbuf_fwide.o ABSOLUTE
    ../fplib/fpinit.s                        0x00000000   Number         0  fpinit.o ABSOLUTE
    RTE\Device\MDR1986BE92\startup_MDR32F9Qx.s 0x00000000   Number         0  startup_mdr32f9qx.o ABSOLUTE
    RTE\Device\MDR1986BE92\system_MDR32F9Qx.c 0x00000000   Number         0  system_mdr32f9qx.o ABSOLUTE
    RTE\\Device\\MDR1986BE92\\system_MDR32F9Qx.c 0x00000000   Number         0  system_mdr32f9qx.o ABSOLUTE
    dc.s                                     0x00000000   Number         0  dc.o ABSOLUTE
    main.cpp                                 0x00000000   Number         0  main.o ABSOLUTE
    RESET                                    0x00008000   Section      192  startup_mdr32f9qx.o(RESET)
    !!!main                                  0x000080c0   Section        8  __main.o(!!!main)
    !!!scatter                               0x000080c8   Section       52  __scatter.o(!!!scatter)
    !!handler_zi                             0x000080fc   Section       28  __scatter_zi.o(!!handler_zi)
    .ARM.Collect$$_printf_percent$$00000000  0x00008118   Section        0  _printf_percent.o(.ARM.Collect$$_printf_percent$$00000000)
    .ARM.Collect$$_printf_percent$$00000013  0x00008118   Section        6  _printf_c.o(.ARM.Collect$$_printf_percent$$00000013)
    .ARM.Collect$$_printf_percent$$00000014  0x0000811e   Section        6  _printf_s.o(.ARM.Collect$$_printf_percent$$00000014)
    .ARM.Collect$$_printf_percent$$00000017  0x00008124   Section        4  _printf_percent_end.o(.ARM.Collect$$_printf_percent$$00000017)
    .ARM.Collect$$libinit$$00000000          0x00008128   Section        2  libinit.o(.ARM.Collect$$libinit$$00000000)
    .ARM.Collect$$libinit$$00000002          0x0000812a   Section        0  libinit2.o(.ARM.Collect$$libinit$$00000002)
    .ARM.Collect$$libinit$$00000004          0x0000812a   Section        0  libinit2.o(.ARM.Collect$$libinit$$00000004)
    .ARM.Collect$$libinit$$00000005          0x0000812a   Section        8  libinit2.o(.ARM.Collect$$libinit$$00000005)
    .ARM.Collect$$libinit$$0000000A          0x00008132   Section        0  libinit2.o(.ARM.Collect$$libinit$$0000000A)
    .ARM.Collect$$libinit$$0000000C          0x00008132   Section        0  libinit2.o(.ARM.Collect$$libinit$$0000000C)
    .ARM.Collect$$libinit$$0000000E          0x00008132   Section        0  libinit2.o(.ARM.Collect$$libinit$$0000000E)
    .ARM.Collect$$libinit$$0000000F          0x00008132   Section        6  libinit2.o(.ARM.Collect$$libinit$$0000000F)
    .ARM.Collect$$libinit$$00000011          0x00008138   Section        0  libinit2.o(.ARM.Collect$$libinit$$00000011)
    .ARM.Collect$$libinit$$00000012          0x00008138   Section       12  libinit2.o(.ARM.Collect$$libinit$$00000012)
    .ARM.Collect$$libinit$$00000013          0x00008144   Section        0  libinit2.o(.ARM.Collect$$libinit$$00000013)
    .ARM.Collect$$libinit$$00000015          0x00008144   Section        0  libinit2.o(.ARM.Collect$$libinit$$00000015)
    .ARM.Collect$$libinit$$00000017          0x00008144   Section        0  libinit2.o(.ARM.Collect$$libinit$$00000017)
    .ARM.Collect$$libinit$$00000019          0x00008144   Section        0  libinit2.o(.ARM.Collect$$libinit$$00000019)
    .ARM.Collect$$libinit$$0000001B          0x00008144   Section        0  libinit2.o(.ARM.Collect$$libinit$$0000001B)
    .ARM.Collect$$libinit$$0000001D          0x00008144   Section        0  libinit2.o(.ARM.Collect$$libinit$$0000001D)
    .ARM.Collect$$libinit$$0000001F          0x00008144   Section        0  libinit2.o(.ARM.Collect$$libinit$$0000001F)
    .ARM.Collect$$libinit$$00000021          0x00008144   Section        0  libinit2.o(.ARM.Collect$$libinit$$00000021)
    .ARM.Collect$$libinit$$00000023          0x00008144   Section        0  libinit2.o(.ARM.Collect$$libinit$$00000023)
    .ARM.Collect$$libinit$$00000024          0x00008144   Section        4  libinit2.o(.ARM.Collect$$libinit$$00000024)
    .ARM.Collect$$libinit$$00000025          0x00008148   Section        0  libinit2.o(.ARM.Collect$$libinit$$00000025)
    .ARM.Collect$$libinit$$0000002C          0x00008148   Section        0  libinit2.o(.ARM.Collect$$libinit$$0000002C)
    .ARM.Collect$$libinit$$0000002E          0x00008148   Section        0  libinit2.o(.ARM.Collect$$libinit$$0000002E)
    .ARM.Collect$$libinit$$00000030          0x00008148   Section        0  libinit2.o(.ARM.Collect$$libinit$$00000030)
    .ARM.Collect$$libinit$$00000032          0x00008148   Section        0  libinit2.o(.ARM.Collect$$libinit$$00000032)
    .ARM.Collect$$libinit$$00000033          0x00008148   Section        2  libinit2.o(.ARM.Collect$$libinit$$00000033)
    .ARM.Collect$$libshutdown$$00000000      0x0000814a   Section        2  libshutdown.o(.ARM.Collect$$libshutdown$$00000000)
    .ARM.Collect$$libshutdown$$00000002      0x0000814c   Section        0  libshutdown2.o(.ARM.Collect$$libshutdown$$00000002)
    .ARM.Collect$$libshutdown$$00000003      0x0000814c   Section        4  libshutdown2.o(.ARM.Collect$$libshutdown$$00000003)
    .ARM.Collect$$libshutdown$$00000004      0x00008150   Section        0  libshutdown2.o(.ARM.Collect$$libshutdown$$00000004)
    .ARM.Collect$$libshutdown$$00000007      0x00008150   Section        0  libshutdown2.o(.ARM.Collect$$libshutdown$$00000007)
    .ARM.Collect$$libshutdown$$0000000A      0x00008150   Section        0  libshutdown2.o(.ARM.Collect$$libshutdown$$0000000A)
    .ARM.Collect$$libshutdown$$0000000C      0x00008150   Section        0  libshutdown2.o(.ARM.Collect$$libshutdown$$0000000C)
    .ARM.Collect$$libshutdown$$0000000F      0x00008150   Section        0  libshutdown2.o(.ARM.Collect$$libshutdown$$0000000F)
    .ARM.Collect$$libshutdown$$00000010      0x00008150   Section        2  libshutdown2.o(.ARM.Collect$$libshutdown$$00000010)
    .ARM.Collect$$rtentry$$00000000          0x00008152   Section        0  __rtentry.o(.ARM.Collect$$rtentry$$00000000)
    .ARM.Collect$$rtentry$$00000002          0x00008152   Section        0  __rtentry2.o(.ARM.Collect$$rtentry$$00000002)
    .ARM.Collect$$rtentry$$00000004          0x00008152   Section        6  __rtentry4.o(.ARM.Collect$$rtentry$$00000004)
    .ARM.Collect$$rtentry$$00000009          0x00008158   Section        0  __rtentry2.o(.ARM.Collect$$rtentry$$00000009)
    .ARM.Collect$$rtentry$$0000000A          0x00008158   Section        4  __rtentry2.o(.ARM.Collect$$rtentry$$0000000A)
    .ARM.Collect$$rtentry$$0000000C          0x0000815c   Section        0  __rtentry2.o(.ARM.Collect$$rtentry$$0000000C)
    .ARM.Collect$$rtentry$$0000000D          0x0000815c   Section        8  __rtentry2.o(.ARM.Collect$$rtentry$$0000000D)
    .ARM.Collect$$rtexit$$00000000           0x00008164   Section        2  rtexit.o(.ARM.Collect$$rtexit$$00000000)
    .ARM.Collect$$rtexit$$00000002           0x00008166   Section        0  rtexit2.o(.ARM.Collect$$rtexit$$00000002)
    .ARM.Collect$$rtexit$$00000003           0x00008166   Section        4  rtexit2.o(.ARM.Collect$$rtexit$$00000003)
    .ARM.Collect$$rtexit$$00000004           0x0000816a   Section        6  rtexit2.o(.ARM.Collect$$rtexit$$00000004)
    .emb_text                                0x00008170   Section        0  maybetermalloc1.o(.emb_text)
    .text                                    0x00008170   Section       64  startup_mdr32f9qx.o(.text)
    .text                                    0x000081b0   Section        0  noretval__2printf.o(.text)
    .text                                    0x000081c8   Section        0  __printf.o(.text)
    .text                                    0x00008230   Section        0  _printf_str.o(.text)
    .text                                    0x00008284   Section        0  __0scanf.o(.text)
    .text                                    0x000082a4   Section        0  _scanf_str.o(.text)
    .text                                    0x00008384   Section        0  heapauxi.o(.text)
    .text                                    0x0000838a   Section        0  _printf_char.o(.text)
    .text                                    0x000083b8   Section        0  _printf_char_file.o(.text)
    .text                                    0x000083dc   Section        0  scanf_char_file.o(.text)
    .text                                    0x000083f4   Section        0  _printf_char_common.o(.text)
    _printf_input_char                       0x000083f5   Thumb Code    10  _printf_char_common.o(.text)
    .text                                    0x00008424   Section        0  scanf_char.o(.text)
    _scanf_char_input                        0x00008425   Thumb Code    12  scanf_char.o(.text)
    .text                                    0x00008450   Section        0  backspace.o(.text)
    .text                                    0x00008498   Section        0  ferror.o(.text)
    .text                                    0x000084a0   Section        0  initio.o(.text)
    .text                                    0x000085d8   Section        0  sys_io.o(.text)
    .text                                    0x0000863e   Section       74  sys_stackheap_outer.o(.text)
    .text                                    0x00008688   Section        0  h1_free.o(.text)
    .text                                    0x000086d6   Section        0  isspace.o(.text)
    .text                                    0x000086e8   Section        0  _scanf.o(.text)
    .text                                    0x00008a5c   Section        0  filbuf.o(.text)
    .text                                    0x00008c96   Section        0  flsbuf.o(.text)
    .text                                    0x00008e6c   Section        0  setvbuf.o(.text)
    .text                                    0x00008eb4   Section        0  ungetc.o(.text)
    .text                                    0x00008efc   Section        0  fopen.o(.text)
    _freopen_locked                          0x00008efd   Thumb Code     0  fopen.o(.text)
    .text                                    0x00008fe8   Section        0  fclose.o(.text)
    .text                                    0x00009034   Section        0  exit.o(.text)
    .text                                    0x00009046   Section        0  defsig_rtred_outer.o(.text)
    .text                                    0x00009054   Section       78  rt_memclr_w.o(.text)
    .text                                    0x000090a4   Section        8  libspace.o(.text)
    .text                                    0x000090ac   Section        2  use_no_semi.o(.text)
    .text                                    0x000090ae   Section        0  indicate_semi.o(.text)
    .text                                    0x000090b0   Section       16  rt_ctype_table.o(.text)
    .text                                    0x000090c0   Section        8  rt_heap_descriptor_intlibspace.o(.text)
    .text                                    0x000090c8   Section        0  hguard.o(.text)
    .text                                    0x000090cc   Section        0  init_alloc.o(.text)
    .text                                    0x00009156   Section        0  h1_alloc.o(.text)
    .text                                    0x000091b4   Section        0  fseek.o(.text)
    .text                                    0x000092ac   Section        0  stdio.o(.text)
    .text                                    0x0000939c   Section        0  flushlinebuffered.o(.text)
    .text                                    0x000093d4   Section        0  defsig_exit.o(.text)
    .text                                    0x000093e0   Section        0  defsig_rtred_inner.o(.text)
    .text                                    0x00009414   Section        0  strlen.o(.text)
    .text                                    0x00009454   Section        0  sys_exit.o(.text)
    .text                                    0x00009460   Section        8  rt_locale_intlibspace.o(.text)
    .text                                    0x00009468   Section        0  h1_init.o(.text)
    .text                                    0x00009476   Section        0  h1_extend.o(.text)
    .text                                    0x000094ac   Section        0  fflush.o(.text)
    .text                                    0x00009510   Section        0  ftell.o(.text)
    .text                                    0x00009552   Section        0  defsig_general.o(.text)
    .text                                    0x00009584   Section        0  defsig_rtmem_outer.o(.text)
    .text                                    0x00009592   Section        0  sys_wrch.o(.text)
    .text                                    0x000095a0   Section        8  rt_errno_addr_intlibspace.o(.text)
    .text                                    0x000095a8   Section        0  defsig_rtmem_inner.o(.text)
    .text                                    0x000095f8   Section      128  strcmpv7m.o(.text)
    i.SystemCoreClockUpdate                  0x00009678   Section        0  system_mdr32f9qx.o(i.SystemCoreClockUpdate)
    i.SystemInit                             0x00009708   Section        0  system_mdr32f9qx.o(i.SystemInit)
    i.fgetc                                  0x00009748   Section        0  fgetc.o(i.fgetc)
    i.fputc                                  0x00009760   Section        0  fputc.o(i.fputc)
    i.main                                   0x0000977c   Section        0  main.o(i.main)
    locale$$code                             0x00009838   Section       44  lc_ctype_c.o(locale$$code)
    .constdata                               0x00009864   Section        4  sys_io.o(.constdata)
    .constdata                               0x00009868   Section        4  sys_io.o(.constdata)
    .constdata                               0x0000986c   Section        4  sys_io.o(.constdata)
    locale$$data                             0x00009880   Section      272  lc_ctype_c.o(locale$$data)
    __lcctype_c_name                         0x00009884   Data           2  lc_ctype_c.o(locale$$data)
    __lcctype_c_start                        0x0000988c   Data           0  lc_ctype_c.o(locale$$data)
    .data                                    0x00009990   Section        4  system_mdr32f9qx.o(.data)
    __lcctype_c_end                          0x00009990   Data           0  lc_ctype_c.o(locale$$data)
    .data                                    0x00009994   Section        4  stdio_streams.o(.data)
    .data                                    0x00009998   Section        4  stdio_streams.o(.data)
    .data                                    0x0000999c   Section        4  stdio_streams.o(.data)
    .bss                                     0x000099a0   Section       84  stdio_streams.o(.bss)
    .bss                                     0x000099f4   Section       84  stdio_streams.o(.bss)
    .bss                                     0x00009a48   Section       84  stdio_streams.o(.bss)
    .bss                                     0x00009a9c   Section       96  libspace.o(.bss)
    HEAP                                     0x00009b00   Section      512  startup_mdr32f9qx.o(HEAP)
    Heap_Mem                                 0x00009b00   Data         512  startup_mdr32f9qx.o(HEAP)
    STACK                                    0x00009d00   Section     1024  startup_mdr32f9qx.o(STACK)
    Stack_Mem                                0x00009d00   Data        1024  startup_mdr32f9qx.o(STACK)
    __initial_sp                             0x0000a100   Data           0  startup_mdr32f9qx.o(STACK)

    Global Symbols

    Symbol Name                              Value     Ov Type        Size  Object(Section)

    BuildAttributes$$THM_ISAv4$P$D$K$B$S$PE$A:L22UL41UL21$X:L11$S22US41US21$IEEE1$IW$USESV6$~STKCKD$USESV7$~SHL$OTIME$ROPI$EBA8$UX$STANDARDLIB$REQ8$PRES8$EABIv2 0x00000000   Number         0  anon$$obj.o ABSOLUTE
    __ARM_use_no_argv                        0x00000000   Number         0  main.o ABSOLUTE
    __ARM_exceptions_init                     - Undefined Weak Reference
    __alloca_initialize                       - Undefined Weak Reference
    __arm_preinit_                            - Undefined Weak Reference
    __cpp_initialize__aeabi_                  - Undefined Weak Reference
    __cxa_finalize                            - Undefined Weak Reference
    __sigvec_lookup                           - Undefined Weak Reference
    __user_heap_extent                        - Undefined Weak Reference
    _atexit_init                              - Undefined Weak Reference
    _call_atexit_fns                          - Undefined Weak Reference
    _clock_init                               - Undefined Weak Reference
    _fp_trap_init                             - Undefined Weak Reference
    _fp_trap_shutdown                         - Undefined Weak Reference
    _get_lc_collate                           - Undefined Weak Reference
    _get_lc_monetary                          - Undefined Weak Reference
    _get_lc_numeric                           - Undefined Weak Reference
    _get_lc_time                              - Undefined Weak Reference
    _getenv_init                              - Undefined Weak Reference
    _handle_redirection                       - Undefined Weak Reference
    _mutex_acquire                            - Undefined Weak Reference
    _mutex_free                               - Undefined Weak Reference
    _mutex_release                            - Undefined Weak Reference
    _printf_mbtowc                            - Undefined Weak Reference
    _printf_post_padding                      - Undefined Weak Reference
    _printf_pre_padding                       - Undefined Weak Reference
    _rand_init                                - Undefined Weak Reference
    _scanf_int                                - Undefined Weak Reference
    _scanf_longlong                           - Undefined Weak Reference
    _scanf_mbtowc                             - Undefined Weak Reference
    _scanf_real                               - Undefined Weak Reference
    _scanf_wctomb                             - Undefined Weak Reference
    _scanf_wstring                            - Undefined Weak Reference
    _signal_finish                            - Undefined Weak Reference
    _signal_init                              - Undefined Weak Reference
    __Vectors_Size                           0x000000c0   Number         0  startup_mdr32f9qx.o ABSOLUTE
    __Vectors                                0x00008000   Data           4  startup_mdr32f9qx.o(RESET)
    __Vectors_End                            0x000080c0   Data           0  startup_mdr32f9qx.o(RESET)
    __main                                   0x000080c1   Thumb Code     8  __main.o(!!!main)
    __scatterload                            0x000080c9   Thumb Code     0  __scatter.o(!!!scatter)
    __scatterload_rt2                        0x000080c9   Thumb Code    44  __scatter.o(!!!scatter)
    __scatterload_rt2_thumb_only             0x000080c9   Thumb Code     0  __scatter.o(!!!scatter)
    __scatterload_null                       0x000080d7   Thumb Code     0  __scatter.o(!!!scatter)
    __scatterload_zeroinit                   0x000080fd   Thumb Code    28  __scatter_zi.o(!!handler_zi)
    _printf_c                                0x00008119   Thumb Code     0  _printf_c.o(.ARM.Collect$$_printf_percent$$00000013)
    _printf_percent                          0x00008119   Thumb Code     0  _printf_percent.o(.ARM.Collect$$_printf_percent$$00000000)
    _printf_s                                0x0000811f   Thumb Code     0  _printf_s.o(.ARM.Collect$$_printf_percent$$00000014)
    _printf_percent_end                      0x00008125   Thumb Code     0  _printf_percent_end.o(.ARM.Collect$$_printf_percent$$00000017)
    __rt_lib_init                            0x00008129   Thumb Code     0  libinit.o(.ARM.Collect$$libinit$$00000000)
    __rt_lib_init_fp_1                       0x0000812b   Thumb Code     0  libinit2.o(.ARM.Collect$$libinit$$00000002)
    __rt_lib_init_heap_2                     0x0000812b   Thumb Code     0  libinit2.o(.ARM.Collect$$libinit$$00000005)
    __rt_lib_init_preinit_1                  0x0000812b   Thumb Code     0  libinit2.o(.ARM.Collect$$libinit$$00000004)
    __rt_lib_init_heap_1                     0x00008133   Thumb Code     0  libinit2.o(.ARM.Collect$$libinit$$0000000A)
    __rt_lib_init_lc_common                  0x00008133   Thumb Code     0  libinit2.o(.ARM.Collect$$libinit$$0000000F)
    __rt_lib_init_rand_1                     0x00008133   Thumb Code     0  libinit2.o(.ARM.Collect$$libinit$$0000000E)
    __rt_lib_init_user_alloc_1               0x00008133   Thumb Code     0  libinit2.o(.ARM.Collect$$libinit$$0000000C)
    __rt_lib_init_lc_collate_1               0x00008139   Thumb Code     0  libinit2.o(.ARM.Collect$$libinit$$00000011)
    __rt_lib_init_lc_ctype_2                 0x00008139   Thumb Code     0  libinit2.o(.ARM.Collect$$libinit$$00000012)
    __rt_lib_init_atexit_1                   0x00008145   Thumb Code     0  libinit2.o(.ARM.Collect$$libinit$$0000001B)
    __rt_lib_init_clock_1                    0x00008145   Thumb Code     0  libinit2.o(.ARM.Collect$$libinit$$00000021)
    __rt_lib_init_fp_trap_1                  0x00008145   Thumb Code     0  libinit2.o(.ARM.Collect$$libinit$$0000001F)
    __rt_lib_init_getenv_1                   0x00008145   Thumb Code     0  libinit2.o(.ARM.Collect$$libinit$$00000023)
    __rt_lib_init_lc_ctype_1                 0x00008145   Thumb Code     0  libinit2.o(.ARM.Collect$$libinit$$00000013)
    __rt_lib_init_lc_monetary_1              0x00008145   Thumb Code     0  libinit2.o(.ARM.Collect$$libinit$$00000015)
    __rt_lib_init_lc_numeric_1               0x00008145   Thumb Code     0  libinit2.o(.ARM.Collect$$libinit$$00000017)
    __rt_lib_init_lc_time_1                  0x00008145   Thumb Code     0  libinit2.o(.ARM.Collect$$libinit$$00000019)
    __rt_lib_init_signal_1                   0x00008145   Thumb Code     0  libinit2.o(.ARM.Collect$$libinit$$0000001D)
    __rt_lib_init_stdio_2                    0x00008145   Thumb Code     0  libinit2.o(.ARM.Collect$$libinit$$00000024)
    __rt_lib_init_alloca_1                   0x00008149   Thumb Code     0  libinit2.o(.ARM.Collect$$libinit$$0000002E)
    __rt_lib_init_argv_1                     0x00008149   Thumb Code     0  libinit2.o(.ARM.Collect$$libinit$$0000002C)
    __rt_lib_init_cpp_1                      0x00008149   Thumb Code     0  libinit2.o(.ARM.Collect$$libinit$$00000032)
    __rt_lib_init_exceptions_1               0x00008149   Thumb Code     0  libinit2.o(.ARM.Collect$$libinit$$00000030)
    __rt_lib_init_return                     0x00008149   Thumb Code     0  libinit2.o(.ARM.Collect$$libinit$$00000033)
    __rt_lib_init_stdio_1                    0x00008149   Thumb Code     0  libinit2.o(.ARM.Collect$$libinit$$00000025)
    __rt_lib_shutdown                        0x0000814b   Thumb Code     0  libshutdown.o(.ARM.Collect$$libshutdown$$00000000)
    __rt_lib_shutdown_cpp_1                  0x0000814d   Thumb Code     0  libshutdown2.o(.ARM.Collect$$libshutdown$$00000002)
    __rt_lib_shutdown_stdio_2                0x0000814d   Thumb Code     0  libshutdown2.o(.ARM.Collect$$libshutdown$$00000003)
    __rt_lib_shutdown_fp_trap_1              0x00008151   Thumb Code     0  libshutdown2.o(.ARM.Collect$$libshutdown$$00000007)
    __rt_lib_shutdown_heap_1                 0x00008151   Thumb Code     0  libshutdown2.o(.ARM.Collect$$libshutdown$$0000000F)
    __rt_lib_shutdown_return                 0x00008151   Thumb Code     0  libshutdown2.o(.ARM.Collect$$libshutdown$$00000010)
    __rt_lib_shutdown_signal_1               0x00008151   Thumb Code     0  libshutdown2.o(.ARM.Collect$$libshutdown$$0000000A)
    __rt_lib_shutdown_stdio_1                0x00008151   Thumb Code     0  libshutdown2.o(.ARM.Collect$$libshutdown$$00000004)
    __rt_lib_shutdown_user_alloc_1           0x00008151   Thumb Code     0  libshutdown2.o(.ARM.Collect$$libshutdown$$0000000C)
    __rt_entry                               0x00008153   Thumb Code     0  __rtentry.o(.ARM.Collect$$rtentry$$00000000)
    __rt_entry_presh_1                       0x00008153   Thumb Code     0  __rtentry2.o(.ARM.Collect$$rtentry$$00000002)
    __rt_entry_sh                            0x00008153   Thumb Code     0  __rtentry4.o(.ARM.Collect$$rtentry$$00000004)
    __rt_entry_li                            0x00008159   Thumb Code     0  __rtentry2.o(.ARM.Collect$$rtentry$$0000000A)
    __rt_entry_postsh_1                      0x00008159   Thumb Code     0  __rtentry2.o(.ARM.Collect$$rtentry$$00000009)
    __rt_entry_main                          0x0000815d   Thumb Code     0  __rtentry2.o(.ARM.Collect$$rtentry$$0000000D)
    __rt_entry_postli_1                      0x0000815d   Thumb Code     0  __rtentry2.o(.ARM.Collect$$rtentry$$0000000C)
    __rt_exit                                0x00008165   Thumb Code     0  rtexit.o(.ARM.Collect$$rtexit$$00000000)
    __rt_exit_ls                             0x00008167   Thumb Code     0  rtexit2.o(.ARM.Collect$$rtexit$$00000003)
    __rt_exit_prels_1                        0x00008167   Thumb Code     0  rtexit2.o(.ARM.Collect$$rtexit$$00000002)
    __rt_exit_exit                           0x0000816b   Thumb Code     0  rtexit2.o(.ARM.Collect$$rtexit$$00000004)
    Reset_Handler                            0x00008171   Thumb Code     8  startup_mdr32f9qx.o(.text)
    _maybe_terminate_alloc                   0x00008171   Thumb Code     0  maybetermalloc1.o(.emb_text)
    NMI_Handler                              0x00008179   Thumb Code     2  startup_mdr32f9qx.o(.text)
    HardFault_Handler                        0x0000817b   Thumb Code     2  startup_mdr32f9qx.o(.text)
    MemManage_Handler                        0x0000817d   Thumb Code     2  startup_mdr32f9qx.o(.text)
    BusFault_Handler                         0x0000817f   Thumb Code     2  startup_mdr32f9qx.o(.text)
    UsageFault_Handler                       0x00008181   Thumb Code     2  startup_mdr32f9qx.o(.text)
    SVC_Handler                              0x00008183   Thumb Code     2  startup_mdr32f9qx.o(.text)
    DebugMon_Handler                         0x00008185   Thumb Code     2  startup_mdr32f9qx.o(.text)
    PendSV_Handler                           0x00008187   Thumb Code     2  startup_mdr32f9qx.o(.text)
    SysTick_Handler                          0x00008189   Thumb Code     2  startup_mdr32f9qx.o(.text)
    ADC_IRQHandler                           0x0000818b   Thumb Code     0  startup_mdr32f9qx.o(.text)
    BACKUP_IRQHandler                        0x0000818b   Thumb Code     0  startup_mdr32f9qx.o(.text)
    CAN1_IRQHandler                          0x0000818b   Thumb Code     0  startup_mdr32f9qx.o(.text)
    CAN2_IRQHandler                          0x0000818b   Thumb Code     0  startup_mdr32f9qx.o(.text)
    COMPARATOR_IRQHandler                    0x0000818b   Thumb Code     0  startup_mdr32f9qx.o(.text)
    DMA_IRQHandler                           0x0000818b   Thumb Code     0  startup_mdr32f9qx.o(.text)
    EXT_INT1_IRQHandler                      0x0000818b   Thumb Code     0  startup_mdr32f9qx.o(.text)
    EXT_INT2_IRQHandler                      0x0000818b   Thumb Code     0  startup_mdr32f9qx.o(.text)
    EXT_INT3_IRQHandler                      0x0000818b   Thumb Code     0  startup_mdr32f9qx.o(.text)
    EXT_INT4_IRQHandler                      0x0000818b   Thumb Code     0  startup_mdr32f9qx.o(.text)
    I2C_IRQHandler                           0x0000818b   Thumb Code     0  startup_mdr32f9qx.o(.text)
    POWER_IRQHandler                         0x0000818b   Thumb Code     0  startup_mdr32f9qx.o(.text)
    SSP1_IRQHandler                          0x0000818b   Thumb Code     0  startup_mdr32f9qx.o(.text)
    SSP2_IRQHandler                          0x0000818b   Thumb Code     0  startup_mdr32f9qx.o(.text)
    Timer1_IRQHandler                        0x0000818b   Thumb Code     0  startup_mdr32f9qx.o(.text)
    Timer2_IRQHandler                        0x0000818b   Thumb Code     0  startup_mdr32f9qx.o(.text)
    Timer3_IRQHandler                        0x0000818b   Thumb Code     0  startup_mdr32f9qx.o(.text)
    UART1_IRQHandler                         0x0000818b   Thumb Code     0  startup_mdr32f9qx.o(.text)
    UART2_IRQHandler                         0x0000818b   Thumb Code     0  startup_mdr32f9qx.o(.text)
    USB_IRQHandler                           0x0000818b   Thumb Code     0  startup_mdr32f9qx.o(.text)
    WWDG_IRQHandler                          0x0000818b   Thumb Code     0  startup_mdr32f9qx.o(.text)
    __user_initial_stackheap                 0x0000818d   Thumb Code     0  startup_mdr32f9qx.o(.text)
    __2printf                                0x000081b1   Thumb Code    20  noretval__2printf.o(.text)
    __printf                                 0x000081c9   Thumb Code   104  __printf.o(.text)
    _printf_str                              0x00008231   Thumb Code    82  _printf_str.o(.text)
    __0scanf                                 0x00008285   Thumb Code    26  __0scanf.o(.text)
    _scanf_string                            0x000082a5   Thumb Code   224  _scanf_str.o(.text)
    __use_two_region_memory                  0x00008385   Thumb Code     2  heapauxi.o(.text)
    __rt_heap_escrow                         0x00008387   Thumb Code     2  heapauxi.o(.text)
    __rt_heap_expand                         0x00008389   Thumb Code     2  heapauxi.o(.text)
    _printf_cs_common                        0x0000838b   Thumb Code    20  _printf_char.o(.text)
    _printf_char                             0x0000839f   Thumb Code    16  _printf_char.o(.text)
    _printf_string                           0x000083af   Thumb Code     8  _printf_char.o(.text)
    _printf_char_file                        0x000083b9   Thumb Code    32  _printf_char_file.o(.text)
    __vfscanf_char_file                      0x000083dd   Thumb Code    16  scanf_char_file.o(.text)
    _printf_char_common                      0x000083ff   Thumb Code    32  _printf_char_common.o(.text)
    __vfscanf_char                           0x00008431   Thumb Code    24  scanf_char.o(.text)
    ___backspace$unlocked                    0x00008451   Thumb Code     2  backspace.o(.text)
    __backspace                              0x00008453   Thumb Code    70  backspace.o(.text)
    ferror                                   0x00008499   Thumb Code     8  ferror.o(.text)
    _initio                                  0x000084a1   Thumb Code   210  initio.o(.text)
    _terminateio                             0x00008573   Thumb Code    56  initio.o(.text)
    _sys_open                                0x000085d9   Thumb Code    20  sys_io.o(.text)
    _sys_close                               0x000085ed   Thumb Code    12  sys_io.o(.text)
    _sys_write                               0x000085f9   Thumb Code    16  sys_io.o(.text)
    _sys_read                                0x00008609   Thumb Code    14  sys_io.o(.text)
    _sys_istty                               0x00008617   Thumb Code    12  sys_io.o(.text)
    _sys_seek                                0x00008623   Thumb Code    14  sys_io.o(.text)
    _sys_ensure                              0x00008631   Thumb Code     2  sys_io.o(.text)
    _sys_flen                                0x00008633   Thumb Code    12  sys_io.o(.text)
    __user_setup_stackheap                   0x0000863f   Thumb Code    74  sys_stackheap_outer.o(.text)
    free                                     0x00008689   Thumb Code    78  h1_free.o(.text)
    isspace                                  0x000086d7   Thumb Code    18  isspace.o(.text)
    __vfscanf                                0x000086e9   Thumb Code   878  _scanf.o(.text)
    _readbuf                                 0x00008a5d   Thumb Code    54  filbuf.o(.text)
    _seteof                                  0x00008a93   Thumb Code    40  filbuf.o(.text)
    __filbuf                                 0x00008abb   Thumb Code   476  filbuf.o(.text)
    __filbuf_byte                            0x00008abb   Thumb Code     0  filbuf.o(.text)
    __filbuf_wide                            0x00008abb   Thumb Code     0  filbuf.o(.text)
    __flsbuf                                 0x00008c97   Thumb Code   470  flsbuf.o(.text)
    __flsbuf_byte                            0x00008c97   Thumb Code     0  flsbuf.o(.text)
    __flsbuf_wide                            0x00008c97   Thumb Code     0  flsbuf.o(.text)
    setvbuf                                  0x00008e6d   Thumb Code    70  setvbuf.o(.text)
    _ungetc_internal                         0x00008eb5   Thumb Code    60  ungetc.o(.text)
    ungetc                                   0x00008eb5   Thumb Code     0  ungetc.o(.text)
    freopen                                  0x00008efd   Thumb Code   158  fopen.o(.text)
    fopen                                    0x00008f9b   Thumb Code    74  fopen.o(.text)
    _fclose_internal                         0x00008fe9   Thumb Code    76  fclose.o(.text)
    fclose                                   0x00008fe9   Thumb Code     0  fclose.o(.text)
    exit                                     0x00009035   Thumb Code    18  exit.o(.text)
    __rt_SIGRTRED                            0x00009047   Thumb Code    14  defsig_rtred_outer.o(.text)
    __aeabi_memclr4                          0x00009055   Thumb Code     0  rt_memclr_w.o(.text)
    __aeabi_memclr8                          0x00009055   Thumb Code     0  rt_memclr_w.o(.text)
    __rt_memclr_w                            0x00009055   Thumb Code    78  rt_memclr_w.o(.text)
    _memset_w                                0x00009059   Thumb Code     0  rt_memclr_w.o(.text)
    __user_libspace                          0x000090a5   Thumb Code     8  libspace.o(.text)
    __user_perproc_libspace                  0x000090a5   Thumb Code     0  libspace.o(.text)
    __user_perthread_libspace                0x000090a5   Thumb Code     0  libspace.o(.text)
    __I$use$semihosting                      0x000090ad   Thumb Code     0  use_no_semi.o(.text)
    __use_no_semihosting_swi                 0x000090ad   Thumb Code     2  use_no_semi.o(.text)
    __semihosting_library_function           0x000090af   Thumb Code     0  indicate_semi.o(.text)
    __rt_ctype_table                         0x000090b1   Thumb Code    16  rt_ctype_table.o(.text)
    __rt_heap_descriptor                     0x000090c1   Thumb Code     8  rt_heap_descriptor_intlibspace.o(.text)
    __use_no_heap                            0x000090c9   Thumb Code     2  hguard.o(.text)
    __heap$guard                             0x000090cb   Thumb Code     2  hguard.o(.text)
    _terminate_user_alloc                    0x000090cd   Thumb Code     2  init_alloc.o(.text)
    _init_user_alloc                         0x000090cf   Thumb Code     2  init_alloc.o(.text)
    __Heap_Full                              0x000090d1   Thumb Code    34  init_alloc.o(.text)
    __Heap_Broken                            0x000090f3   Thumb Code     6  init_alloc.o(.text)
    _init_alloc                              0x000090f9   Thumb Code    94  init_alloc.o(.text)
    malloc                                   0x00009157   Thumb Code    94  h1_alloc.o(.text)
    _fseek                                   0x000091b5   Thumb Code   242  fseek.o(.text)
    fseek                                    0x000091b5   Thumb Code     0  fseek.o(.text)
    _seterr                                  0x000092ad   Thumb Code    20  stdio.o(.text)
    _writebuf                                0x000092c1   Thumb Code    84  stdio.o(.text)
    _fflush                                  0x00009315   Thumb Code    70  stdio.o(.text)
    _deferredlazyseek                        0x0000935b   Thumb Code    60  stdio.o(.text)
    _flushlinebuffered                       0x0000939d   Thumb Code    50  flushlinebuffered.o(.text)
    __sig_exit                               0x000093d5   Thumb Code    10  defsig_exit.o(.text)
    __rt_SIGRTRED_inner                      0x000093e1   Thumb Code    14  defsig_rtred_inner.o(.text)
    strlen                                   0x00009415   Thumb Code    62  strlen.o(.text)
    _sys_exit                                0x00009455   Thumb Code     8  sys_exit.o(.text)
    __rt_locale                              0x00009461   Thumb Code     8  rt_locale_intlibspace.o(.text)
    __Heap_Initialize                        0x00009469   Thumb Code    10  h1_init.o(.text)
    __Heap_DescSize                          0x00009473   Thumb Code     4  h1_init.o(.text)
    __Heap_ProvideMemory                     0x00009477   Thumb Code    52  h1_extend.o(.text)
    _do_fflush                               0x000094ad   Thumb Code    54  fflush.o(.text)
    fflush                                   0x000094e3   Thumb Code    42  fflush.o(.text)
    _ftell_internal                          0x00009511   Thumb Code    66  ftell.o(.text)
    ftell                                    0x00009511   Thumb Code     0  ftell.o(.text)
    __default_signal_display                 0x00009553   Thumb Code    50  defsig_general.o(.text)
    __rt_SIGRTMEM                            0x00009585   Thumb Code    14  defsig_rtmem_outer.o(.text)
    _ttywrch                                 0x00009593   Thumb Code    14  sys_wrch.o(.text)
    __aeabi_errno_addr                       0x000095a1   Thumb Code     8  rt_errno_addr_intlibspace.o(.text)
    __errno$intlibspace                      0x000095a1   Thumb Code     0  rt_errno_addr_intlibspace.o(.text)
    __rt_errno_addr$intlibspace              0x000095a1   Thumb Code     0  rt_errno_addr_intlibspace.o(.text)
    __rt_SIGRTMEM_inner                      0x000095a9   Thumb Code    22  defsig_rtmem_inner.o(.text)
    strcmp                                   0x000095f9   Thumb Code   128  strcmpv7m.o(.text)
    SystemCoreClockUpdate                    0x00009679   Thumb Code   130  system_mdr32f9qx.o(i.SystemCoreClockUpdate)
    SystemInit                               0x00009709   Thumb Code    54  system_mdr32f9qx.o(i.SystemInit)
    fgetc                                    0x00009749   Thumb Code    24  fgetc.o(i.fgetc)
    fputc                                    0x00009761   Thumb Code    26  fputc.o(i.fputc)
    main                                     0x0000977d   Thumb Code   134  main.o(i.main)
    _get_lc_ctype                            0x00009839   Thumb Code    44  lc_ctype_c.o(locale$$code)
    __stdin_name                             0x00009864   Data           4  sys_io.o(.constdata)
    __stdout_name                            0x00009868   Data           4  sys_io.o(.constdata)
    __stderr_name                            0x0000986c   Data           4  sys_io.o(.constdata)
    Region$$Table$$Base                      0x00009870   Number         0  anon$$obj.o(Region$$Table)
    Region$$Table$$Limit                     0x00009880   Number         0  anon$$obj.o(Region$$Table)
    __ctype                                  0x0000988d   Data           0  lc_ctype_c.o(locale$$data)
    SystemCoreClock                          0x00009990   Data           4  system_mdr32f9qx.o(.data)
    __aeabi_stdin                            0x00009994   Data           4  stdio_streams.o(.data)
    __aeabi_stdout                           0x00009998   Data           4  stdio_streams.o(.data)
    __aeabi_stderr                           0x0000999c   Data           4  stdio_streams.o(.data)
    __stdin                                  0x000099a0   Data          84  stdio_streams.o(.bss)
    __stdout                                 0x000099f4   Data          84  stdio_streams.o(.bss)
    __stderr                                 0x00009a48   Data          84  stdio_streams.o(.bss)
    __libspace_start                         0x00009a9c   Data          96  libspace.o(.bss)
    __temporary_stack_top$libspace           0x00009afc   Data           0  libspace.o(.bss)



==============================================================================

Memory Map of the image

  Image Entry point : 0x00008171

  Load Region LR_1 (Base: 0x00008000, Size: 0x000019a0, Max: 0xffffffff, ABSOLUTE)

    Execution Region ER_RO (Exec base: 0x00008000, Load base: 0x00008000, Size: 0x00001990, Max: 0xffffffff, ABSOLUTE)

    Exec Addr    Load Addr    Size         Type   Attr      Idx    E Section Name        Object

    0x00008000   0x00008000   0x000000c0   Data   RO           24    RESET               startup_mdr32f9qx.o
    0x000080c0   0x000080c0   0x00000008   Code   RO          121  * !!!main             c_w.l(__main.o)
    0x000080c8   0x000080c8   0x00000034   Code   RO          522    !!!scatter          c_w.l(__scatter.o)
    0x000080fc   0x000080fc   0x0000001c   Code   RO          524    !!handler_zi        c_w.l(__scatter_zi.o)
    0x00008118   0x00008118   0x00000000   Code   RO          114    .ARM.Collect$$_printf_percent$$00000000  c_w.l(_printf_percent.o)
    0x00008118   0x00008118   0x00000006   Code   RO          112    .ARM.Collect$$_printf_percent$$00000013  c_w.l(_printf_c.o)
    0x0000811e   0x0000811e   0x00000006   Code   RO          113    .ARM.Collect$$_printf_percent$$00000014  c_w.l(_printf_s.o)
    0x00008124   0x00008124   0x00000004   Code   RO          128    .ARM.Collect$$_printf_percent$$00000017  c_w.l(_printf_percent_end.o)
    0x00008128   0x00008128   0x00000002   Code   RO          281    .ARM.Collect$$libinit$$00000000  c_w.l(libinit.o)
    0x0000812a   0x0000812a   0x00000000   Code   RO          283    .ARM.Collect$$libinit$$00000002  c_w.l(libinit2.o)
    0x0000812a   0x0000812a   0x00000000   Code   RO          285    .ARM.Collect$$libinit$$00000004  c_w.l(libinit2.o)
    0x0000812a   0x0000812a   0x00000008   Code   RO          286    .ARM.Collect$$libinit$$00000005  c_w.l(libinit2.o)
    0x00008132   0x00008132   0x00000000   Code   RO          288    .ARM.Collect$$libinit$$0000000A  c_w.l(libinit2.o)
    0x00008132   0x00008132   0x00000000   Code   RO          290    .ARM.Collect$$libinit$$0000000C  c_w.l(libinit2.o)
    0x00008132   0x00008132   0x00000000   Code   RO          292    .ARM.Collect$$libinit$$0000000E  c_w.l(libinit2.o)
    0x00008132   0x00008132   0x00000006   Code   RO          293    .ARM.Collect$$libinit$$0000000F  c_w.l(libinit2.o)
    0x00008138   0x00008138   0x00000000   Code   RO          295    .ARM.Collect$$libinit$$00000011  c_w.l(libinit2.o)
    0x00008138   0x00008138   0x0000000c   Code   RO          296    .ARM.Collect$$libinit$$00000012  c_w.l(libinit2.o)
    0x00008144   0x00008144   0x00000000   Code   RO          297    .ARM.Collect$$libinit$$00000013  c_w.l(libinit2.o)
    0x00008144   0x00008144   0x00000000   Code   RO          299    .ARM.Collect$$libinit$$00000015  c_w.l(libinit2.o)
    0x00008144   0x00008144   0x00000000   Code   RO          301    .ARM.Collect$$libinit$$00000017  c_w.l(libinit2.o)
    0x00008144   0x00008144   0x00000000   Code   RO          303    .ARM.Collect$$libinit$$00000019  c_w.l(libinit2.o)
    0x00008144   0x00008144   0x00000000   Code   RO          305    .ARM.Collect$$libinit$$0000001B  c_w.l(libinit2.o)
    0x00008144   0x00008144   0x00000000   Code   RO          307    .ARM.Collect$$libinit$$0000001D  c_w.l(libinit2.o)
    0x00008144   0x00008144   0x00000000   Code   RO          309    .ARM.Collect$$libinit$$0000001F  c_w.l(libinit2.o)
    0x00008144   0x00008144   0x00000000   Code   RO          311    .ARM.Collect$$libinit$$00000021  c_w.l(libinit2.o)
    0x00008144   0x00008144   0x00000000   Code   RO          313    .ARM.Collect$$libinit$$00000023  c_w.l(libinit2.o)
    0x00008144   0x00008144   0x00000004   Code   RO          314    .ARM.Collect$$libinit$$00000024  c_w.l(libinit2.o)
    0x00008148   0x00008148   0x00000000   Code   RO          315    .ARM.Collect$$libinit$$00000025  c_w.l(libinit2.o)
    0x00008148   0x00008148   0x00000000   Code   RO          319    .ARM.Collect$$libinit$$0000002C  c_w.l(libinit2.o)
    0x00008148   0x00008148   0x00000000   Code   RO          321    .ARM.Collect$$libinit$$0000002E  c_w.l(libinit2.o)
    0x00008148   0x00008148   0x00000000   Code   RO          323    .ARM.Collect$$libinit$$00000030  c_w.l(libinit2.o)
    0x00008148   0x00008148   0x00000000   Code   RO          325    .ARM.Collect$$libinit$$00000032  c_w.l(libinit2.o)
    0x00008148   0x00008148   0x00000002   Code   RO          326    .ARM.Collect$$libinit$$00000033  c_w.l(libinit2.o)
    0x0000814a   0x0000814a   0x00000002   Code   RO          501    .ARM.Collect$$libshutdown$$00000000  c_w.l(libshutdown.o)
    0x0000814c   0x0000814c   0x00000000   Code   RO          328    .ARM.Collect$$libshutdown$$00000002  c_w.l(libshutdown2.o)
    0x0000814c   0x0000814c   0x00000004   Code   RO          329    .ARM.Collect$$libshutdown$$00000003  c_w.l(libshutdown2.o)
    0x00008150   0x00008150   0x00000000   Code   RO          330    .ARM.Collect$$libshutdown$$00000004  c_w.l(libshutdown2.o)
    0x00008150   0x00008150   0x00000000   Code   RO          333    .ARM.Collect$$libshutdown$$00000007  c_w.l(libshutdown2.o)
    0x00008150   0x00008150   0x00000000   Code   RO          336    .ARM.Collect$$libshutdown$$0000000A  c_w.l(libshutdown2.o)
    0x00008150   0x00008150   0x00000000   Code   RO          338    .ARM.Collect$$libshutdown$$0000000C  c_w.l(libshutdown2.o)
    0x00008150   0x00008150   0x00000000   Code   RO          341    .ARM.Collect$$libshutdown$$0000000F  c_w.l(libshutdown2.o)
    0x00008150   0x00008150   0x00000002   Code   RO          342    .ARM.Collect$$libshutdown$$00000010  c_w.l(libshutdown2.o)
    0x00008152   0x00008152   0x00000000   Code   RO          123    .ARM.Collect$$rtentry$$00000000  c_w.l(__rtentry.o)
    0x00008152   0x00008152   0x00000000   Code   RO          138    .ARM.Collect$$rtentry$$00000002  c_w.l(__rtentry2.o)
    0x00008152   0x00008152   0x00000006   Code   RO          150    .ARM.Collect$$rtentry$$00000004  c_w.l(__rtentry4.o)
    0x00008158   0x00008158   0x00000000   Code   RO          140    .ARM.Collect$$rtentry$$00000009  c_w.l(__rtentry2.o)
    0x00008158   0x00008158   0x00000004   Code   RO          141    .ARM.Collect$$rtentry$$0000000A  c_w.l(__rtentry2.o)
    0x0000815c   0x0000815c   0x00000000   Code   RO          143    .ARM.Collect$$rtentry$$0000000C  c_w.l(__rtentry2.o)
    0x0000815c   0x0000815c   0x00000008   Code   RO          144    .ARM.Collect$$rtentry$$0000000D  c_w.l(__rtentry2.o)
    0x00008164   0x00008164   0x00000002   Code   RO          353    .ARM.Collect$$rtexit$$00000000  c_w.l(rtexit.o)
    0x00008166   0x00008166   0x00000000   Code   RO          427    .ARM.Collect$$rtexit$$00000002  c_w.l(rtexit2.o)
    0x00008166   0x00008166   0x00000004   Code   RO          428    .ARM.Collect$$rtexit$$00000003  c_w.l(rtexit2.o)
    0x0000816a   0x0000816a   0x00000006   Code   RO          429    .ARM.Collect$$rtexit$$00000004  c_w.l(rtexit2.o)
    0x00008170   0x00008170   0x00000000   Code   RO          438    .emb_text           c_w.l(maybetermalloc1.o)
    0x00008170   0x00008170   0x00000040   Code   RO           25  * .text               startup_mdr32f9qx.o
    0x000081b0   0x000081b0   0x00000018   Code   RO           86    .text               c_w.l(noretval__2printf.o)
    0x000081c8   0x000081c8   0x00000068   Code   RO           88    .text               c_w.l(__printf.o)
    0x00008230   0x00008230   0x00000052   Code   RO           90    .text               c_w.l(_printf_str.o)
    0x00008282   0x00008282   0x00000002   PAD
    0x00008284   0x00008284   0x00000020   Code   RO          115    .text               c_w.l(__0scanf.o)
    0x000082a4   0x000082a4   0x000000e0   Code   RO          117    .text               c_w.l(_scanf_str.o)
    0x00008384   0x00008384   0x00000006   Code   RO          119    .text               c_w.l(heapauxi.o)
    0x0000838a   0x0000838a   0x0000002c   Code   RO          124    .text               c_w.l(_printf_char.o)
    0x000083b6   0x000083b6   0x00000002   PAD
    0x000083b8   0x000083b8   0x00000024   Code   RO          126    .text               c_w.l(_printf_char_file.o)
    0x000083dc   0x000083dc   0x00000018   Code   RO          129    .text               c_w.l(scanf_char_file.o)
    0x000083f4   0x000083f4   0x00000030   Code   RO          152    .text               c_w.l(_printf_char_common.o)
    0x00008424   0x00008424   0x0000002c   Code   RO          154    .text               c_w.l(scanf_char.o)
    0x00008450   0x00008450   0x00000048   Code   RO          156    .text               c_w.l(backspace.o)
    0x00008498   0x00008498   0x00000008   Code   RO          158    .text               c_w.l(ferror.o)
    0x000084a0   0x000084a0   0x00000138   Code   RO          168    .text               c_w.l(initio.o)
    0x000085d8   0x000085d8   0x00000066   Code   RO          180    .text               c_w.l(sys_io.o)
    0x0000863e   0x0000863e   0x0000004a   Code   RO          187    .text               c_w.l(sys_stackheap_outer.o)
    0x00008688   0x00008688   0x0000004e   Code   RO          191    .text               c_w.l(h1_free.o)
    0x000086d6   0x000086d6   0x00000012   Code   RO          245    .text               c_w.l(isspace.o)
    0x000086e8   0x000086e8   0x00000374   Code   RO          249    .text               c_w.l(_scanf.o)
    0x00008a5c   0x00008a5c   0x0000023a   Code   RO          251    .text               c_w.l(filbuf.o)
    0x00008c96   0x00008c96   0x000001d6   Code   RO          253    .text               c_w.l(flsbuf.o)
    0x00008e6c   0x00008e6c   0x00000046   Code   RO          255    .text               c_w.l(setvbuf.o)
    0x00008eb2   0x00008eb2   0x00000002   PAD
    0x00008eb4   0x00008eb4   0x00000048   Code   RO          257    .text               c_w.l(ungetc.o)
    0x00008efc   0x00008efc   0x000000ec   Code   RO          260    .text               c_w.l(fopen.o)
    0x00008fe8   0x00008fe8   0x0000004c   Code   RO          262    .text               c_w.l(fclose.o)
    0x00009034   0x00009034   0x00000012   Code   RO          268    .text               c_w.l(exit.o)
    0x00009046   0x00009046   0x0000000e   Code   RO          270    .text               c_w.l(defsig_rtred_outer.o)
    0x00009054   0x00009054   0x0000004e   Code   RO          274    .text               c_w.l(rt_memclr_w.o)
    0x000090a2   0x000090a2   0x00000002   PAD
    0x000090a4   0x000090a4   0x00000008   Code   RO          347    .text               c_w.l(libspace.o)
    0x000090ac   0x000090ac   0x00000002   Code   RO          350    .text               c_w.l(use_no_semi.o)
    0x000090ae   0x000090ae   0x00000000   Code   RO          352    .text               c_w.l(indicate_semi.o)
    0x000090ae   0x000090ae   0x00000002   PAD
    0x000090b0   0x000090b0   0x00000010   Code   RO          355    .text               c_w.l(rt_ctype_table.o)
    0x000090c0   0x000090c0   0x00000008   Code   RO          362    .text               c_w.l(rt_heap_descriptor_intlibspace.o)
    0x000090c8   0x000090c8   0x00000004   Code   RO          364    .text               c_w.l(hguard.o)
    0x000090cc   0x000090cc   0x0000008a   Code   RO          366    .text               c_w.l(init_alloc.o)
    0x00009156   0x00009156   0x0000005e   Code   RO          372    .text               c_w.l(h1_alloc.o)
    0x000091b4   0x000091b4   0x000000f8   Code   RO          390    .text               c_w.l(fseek.o)
    0x000092ac   0x000092ac   0x000000f0   Code   RO          392    .text               c_w.l(stdio.o)
    0x0000939c   0x0000939c   0x00000038   Code   RO          400    .text               c_w.l(flushlinebuffered.o)
    0x000093d4   0x000093d4   0x0000000a   Code   RO          410    .text               c_w.l(defsig_exit.o)
    0x000093de   0x000093de   0x00000002   PAD
    0x000093e0   0x000093e0   0x00000034   Code   RO          412    .text               c_w.l(defsig_rtred_inner.o)
    0x00009414   0x00009414   0x0000003e   Code   RO          416    .text               c_w.l(strlen.o)
    0x00009452   0x00009452   0x00000002   PAD
    0x00009454   0x00009454   0x0000000c   Code   RO          424    .text               c_w.l(sys_exit.o)
    0x00009460   0x00009460   0x00000008   Code   RO          436    .text               c_w.l(rt_locale_intlibspace.o)
    0x00009468   0x00009468   0x0000000e   Code   RO          440    .text               c_w.l(h1_init.o)
    0x00009476   0x00009476   0x00000034   Code   RO          442    .text               c_w.l(h1_extend.o)
    0x000094aa   0x000094aa   0x00000002   PAD
    0x000094ac   0x000094ac   0x00000064   Code   RO          448    .text               c_w.l(fflush.o)
    0x00009510   0x00009510   0x00000042   Code   RO          452    .text               c_w.l(ftell.o)
    0x00009552   0x00009552   0x00000032   Code   RO          463    .text               c_w.l(defsig_general.o)
    0x00009584   0x00009584   0x0000000e   Code   RO          465    .text               c_w.l(defsig_rtmem_outer.o)
    0x00009592   0x00009592   0x0000000e   Code   RO          480    .text               c_w.l(sys_wrch.o)
    0x000095a0   0x000095a0   0x00000008   Code   RO          487    .text               c_w.l(rt_errno_addr_intlibspace.o)
    0x000095a8   0x000095a8   0x00000050   Code   RO          493    .text               c_w.l(defsig_rtmem_inner.o)
    0x000095f8   0x000095f8   0x00000080   Code   RO          497    .text               c_w.l(strcmpv7m.o)
    0x00009678   0x00009678   0x00000090   Code   RO           32    i.SystemCoreClockUpdate  system_mdr32f9qx.o
    0x00009708   0x00009708   0x00000040   Code   RO           33    i.SystemInit        system_mdr32f9qx.o
    0x00009748   0x00009748   0x00000018   Code   RO          161    i.fgetc             c_w.l(fgetc.o)
    0x00009760   0x00009760   0x0000001a   Code   RO          165    i.fputc             c_w.l(fputc.o)
    0x0000977a   0x0000977a   0x00000002   PAD
    0x0000977c   0x0000977c   0x000000bc   Code   RO            1    i.main              main.o
    0x00009838   0x00009838   0x0000002c   Code   RO          459    locale$$code        c_w.l(lc_ctype_c.o)
    0x00009864   0x00009864   0x00000004   Data   RO          181    .constdata          c_w.l(sys_io.o)
    0x00009868   0x00009868   0x00000004   Data   RO          182    .constdata          c_w.l(sys_io.o)
    0x0000986c   0x0000986c   0x00000004   Data   RO          183    .constdata          c_w.l(sys_io.o)
    0x00009870   0x00009870   0x00000010   Data   RO          520    Region$$Table       anon$$obj.o
    0x00009880   0x00009880   0x00000110   Data   RO          458    locale$$data        c_w.l(lc_ctype_c.o)


    Execution Region ER_RW (Exec base: 0x00009990, Load base: 0x00009990, Size: 0x00000010, Max: 0xffffffff, ABSOLUTE)

    Exec Addr    Load Addr    Size         Type   Attr      Idx    E Section Name        Object

    0x00009990   0x00009990   0x00000004   Data   RW           34    .data               system_mdr32f9qx.o
    0x00009994   0x00009994   0x00000004   Data   RW          134    .data               c_w.l(stdio_streams.o)
    0x00009998   0x00009998   0x00000004   Data   RW          135    .data               c_w.l(stdio_streams.o)
    0x0000999c   0x0000999c   0x00000004   Data   RW          136    .data               c_w.l(stdio_streams.o)


    Execution Region ER_ZI (Exec base: 0x000099a0, Load base: 0x000099a0, Size: 0x00000760, Max: 0xffffffff, ABSOLUTE)

    Exec Addr    Load Addr    Size         Type   Attr      Idx    E Section Name        Object

    0x000099a0        -       0x00000054   Zero   RW          131    .bss                c_w.l(stdio_streams.o)
    0x000099f4        -       0x00000054   Zero   RW          132    .bss                c_w.l(stdio_streams.o)
    0x00009a48        -       0x00000054   Zero   RW          133    .bss                c_w.l(stdio_streams.o)
    0x00009a9c        -       0x00000060   Zero   RW          348    .bss                c_w.l(libspace.o)
    0x00009afc   0x000099a0   0x00000004   PAD
    0x00009b00        -       0x00000200   Zero   RW           23    HEAP                startup_mdr32f9qx.o
    0x00009d00        -       0x00000400   Zero   RW           22    STACK               startup_mdr32f9qx.o


==============================================================================

Image component sizes


      Code (inc. data)   RO Data    RW Data    ZI Data      Debug   Object Name

       188         54          0          0          0       3951   main.o
        64         26        192          0       1536        832   startup_mdr32f9qx.o
       208         24          0          4          0       5907   system_mdr32f9qx.o

    ----------------------------------------------------------------------
       460        104        208          4       1536      10690   Object Totals
         0          0         16          0          0          0   (incl. Generated)
         0          0          0          0          0          0   (incl. Padding)

    ----------------------------------------------------------------------

      Code (inc. data)   RO Data    RW Data    ZI Data      Debug   Library Member Name

        32          6          0          0          0         84   __0scanf.o
         8          0          0          0          0         68   __main.o
       104          0          0          0          0         84   __printf.o
         0          0          0          0          0          0   __rtentry.o
        12          0          0          0          0          0   __rtentry2.o
         6          0          0          0          0          0   __rtentry4.o
        52          8          0          0          0          0   __scatter.o
        28          0          0          0          0          0   __scatter_zi.o
         6          0          0          0          0          0   _printf_c.o
        44          0          0          0          0        108   _printf_char.o
        48          6          0          0          0         96   _printf_char_common.o
        36          4          0          0          0         80   _printf_char_file.o
         0          0          0          0          0          0   _printf_percent.o
         4          0          0          0          0          0   _printf_percent_end.o
         6          0          0          0          0          0   _printf_s.o
        82          0          0          0          0         80   _printf_str.o
       884          6          0          0          0        100   _scanf.o
       224          0          0          0          0         96   _scanf_str.o
        72          0          0          0          0         92   backspace.o
        10          0          0          0          0         68   defsig_exit.o
        50          0          0          0          0         88   defsig_general.o
        80         58          0          0          0         76   defsig_rtmem_inner.o
        14          0          0          0          0         80   defsig_rtmem_outer.o
        52         38          0          0          0         76   defsig_rtred_inner.o
        14          0          0          0          0         80   defsig_rtred_outer.o
        18          0          0          0          0         80   exit.o
        76          0          0          0          0         88   fclose.o
         8          0          0          0          0         68   ferror.o
       100          4          0          0          0        120   fflush.o
        24          0          0          0          0         68   fgetc.o
       570          0          0          0          0        132   filbuf.o
       470          0          0          0          0         88   flsbuf.o
        56          6          0          0          0         80   flushlinebuffered.o
       236          4          0          0          0        128   fopen.o
        26          0          0          0          0         68   fputc.o
       248          6          0          0          0         84   fseek.o
        66          0          0          0          0         76   ftell.o
        94          0          0          0          0         80   h1_alloc.o
        52          0          0          0          0         68   h1_extend.o
        78          0          0          0          0         80   h1_free.o
        14          0          0          0          0         84   h1_init.o
         6          0          0          0          0        152   heapauxi.o
         4          0          0          0          0        136   hguard.o
         0          0          0          0          0          0   indicate_semi.o
       138          0          0          0          0        168   init_alloc.o
       312         46          0          0          0        112   initio.o
        18          0          0          0          0         76   isspace.o
        44         10        272          0          0         76   lc_ctype_c.o
         2          0          0          0          0          0   libinit.o
        32          0          0          0          0          0   libinit2.o
         2          0          0          0          0          0   libshutdown.o
         6          0          0          0          0          0   libshutdown2.o
         8          4          0          0         96         68   libspace.o
         0          0          0          0          0          0   maybetermalloc1.o
        24          4          0          0          0         84   noretval__2printf.o
        16          4          0          0          0         76   rt_ctype_table.o
         8          4          0          0          0         68   rt_errno_addr_intlibspace.o
         8          4          0          0          0         68   rt_heap_descriptor_intlibspace.o
         8          4          0          0          0         68   rt_locale_intlibspace.o
        78          0          0          0          0         80   rt_memclr_w.o
         2          0          0          0          0          0   rtexit.o
        10          0          0          0          0          0   rtexit2.o
        44          8          0          0          0         84   scanf_char.o
        24          8          0          0          0         68   scanf_char_file.o
        70          0          0          0          0         80   setvbuf.o
       240          6          0          0          0        156   stdio.o
         0          0          0         12        252          0   stdio_streams.o
       128          0          0          0          0         68   strcmpv7m.o
        62          0          0          0          0         76   strlen.o
        12          4          0          0          0         68   sys_exit.o
       102          0         12          0          0        240   sys_io.o
        74          0          0          0          0         80   sys_stackheap_outer.o
        14          0          0          0          0         76   sys_wrch.o
        72         12          0          0          0         68   ungetc.o
         2          0          0          0          0         68   use_no_semi.o

    ----------------------------------------------------------------------
      5592        264        284         12        352       5112   Library Totals
        18          0          0          0          4          0   (incl. Padding)

    ----------------------------------------------------------------------

      Code (inc. data)   RO Data    RW Data    ZI Data      Debug   Library Name

      5574        264        284         12        348       5112   c_w.l

    ----------------------------------------------------------------------
      5592        264        284         12        352       5112   Library Totals

    ----------------------------------------------------------------------

==============================================================================


      Code (inc. data)   RO Data    RW Data    ZI Data      Debug   

      6052        368        492         16       1888      12818   Grand Totals
      6052        368        492         16       1888      12818   ELF Image Totals
      6052        368        492         16          0          0   ROM Totals

==============================================================================

    Total RO  Size (Code + RO Data)                 6544 (   6.39kB)
    Total RW  Size (RW Data + ZI Data)              1904 (   1.86kB)
    Total ROM Size (Code + RO Data + RW Data)       6560 (   6.41kB)

==============================================================================

